#
# There is insufficient memory for the Java Runtime Environment to continue.
# Native memory allocation (malloc) failed to allocate 1689792 bytes. Error detail: Chunk::new
# Possible reasons:
#   The system is out of physical RAM or swap space
#   This process is running with CompressedOops enabled, and the Java Heap may be blocking the growth of the native heap
# Possible solutions:
#   Reduce memory load on the system
#   Increase physical memory or swap space
#   Check if swap backing store is full
#   Decrease Java heap size (-Xmx/-Xms)
#   Decrease number of Java threads
#   Decrease Java thread stack sizes (-Xss)
#   Set larger code cache with -XX:ReservedCodeCacheSize=
#   JVM is running with Unscaled Compressed Oops mode in which the Java heap is
#     placed in the first 4GB address space. The Java Heap base address is the
#     maximum limit for the native heap growth. Please use -XX:HeapBaseMinAddress
#     to set the Java Heap base and to place the Java Heap above 4GB virtual address.
# This output file may be truncated or incomplete.
#
#  Out of Memory Error (arena.cpp:168), pid=13924, tid=17144
#
# JRE version: OpenJDK Runtime Environment Temurin-21.0.10+7 (21.0.10+7) (build 21.0.10+7-LTS)
# Java VM: OpenJDK 64-Bit Server VM Temurin-21.0.10+7 (21.0.10+7-LTS, mixed mode, sharing, tiered, compressed oops, compressed class ptrs, parallel gc, windows-amd64)
# No core dump will be written. Minidumps are not enabled by default on client versions of Windows
#

---------------  S U M M A R Y ------------

Command Line: --add-modules=ALL-SYSTEM --add-opens=java.base/java.util=ALL-UNNAMED --add-opens=java.base/java.lang=ALL-UNNAMED --add-opens=java.base/sun.nio.fs=ALL-UNNAMED -Declipse.application=org.eclipse.jdt.ls.core.id1 -Dosgi.bundles.defaultStartLevel=4 -Declipse.product=org.eclipse.jdt.ls.core.product -Djava.import.generatesMetadataFilesAtProjectRoot=false -DDetectVMInstallationsJob.disabled=true -Dfile.encoding=utf8 -XX:+UseParallelGC -XX:GCTimeRatio=4 -XX:AdaptiveSizePolicyWeight=90 -Dsun.zip.disableMemoryMapping=true -Xmx2G -Xms100m -Xlog:disable -javaagent:c:\Users\SONY\.antigravity\extensions\redhat.java-1.54.0-win32-x64\lombok\lombok-1.18.39-4050.jar c:\Users\SONY\.antigravity\extensions\redhat.java-1.54.0-win32-x64\server\plugins\org.eclipse.equinox.launcher_1.7.100.v20251111-0406.jar -configuration c:\Users\SONY\AppData\Roaming\Antigravity\User\globalStorage\redhat.java\1.54.0\config_ss_win -data c:\Users\SONY\AppData\Roaming\Antigravity\User\workspaceStorage\504018e4ad72da179048ecd447ee5100\redhat.java\ss_ws --pipe=\\.\pipe\lsp-e1d7a03e9747ee9638f65623f53f49db-sock

Host: Intel(R) Core(TM) i5-7200U CPU @ 2.50GHz, 4 cores, 7G,  Windows 10 , 64 bit Build 19041 (10.0.19041.3636)
Time: Wed May 13 11:40:39 2026 SE Asia Standard Time elapsed time: 44.282047 seconds (0d 0h 0m 44s)

---------------  T H R E A D  ---------------

Current thread (0x000001d5b566ce10):  JavaThread "C2 CompilerThread0" daemon [_thread_in_native, id=17144, stack(0x000000cc2ff00000,0x000000cc30000000) (1024K)]


Current CompileTask:
C2:44282 8683   !   4       org.eclipse.jdt.internal.core.NameLookup::seekModule (267 bytes)

Stack: [0x000000cc2ff00000,0x000000cc30000000]
Native frames: (J=compiled Java code, j=interpreted, Vv=VM code, C=native code)
V  [jvm.dll+0x6d7a39]
V  [jvm.dll+0x8b4b26]
V  [jvm.dll+0x8b70de]
V  [jvm.dll+0x8b77c3]
V  [jvm.dll+0x284346]
V  [jvm.dll+0xc66ed]
V  [jvm.dll+0xc6c31]
V  [jvm.dll+0x3bec3b]
V  [jvm.dll+0x1e3f69]
V  [jvm.dll+0x24c6b3]
V  [jvm.dll+0x24bb40]
V  [jvm.dll+0x1cb34e]
V  [jvm.dll+0x25b85d]
V  [jvm.dll+0x259dea]
V  [jvm.dll+0x3f857e]
V  [jvm.dll+0x85f59d]
V  [jvm.dll+0x6d626d]
C  [ucrtbase.dll+0x21bb2]
C  [KERNEL32.DLL+0x17344]
C  [ntdll.dll+0x526b1]


---------------  P R O C E S S  ---------------

Threads class SMR info:
_java_thread_list=0x000001d613613910, length=30, elements={
0x000001d5b577a090, 0x000001d5b56648a0, 0x000001d5b5665970, 0x000001d5b5668bd0,
0x000001d5b56698f0, 0x000001d5b566a610, 0x000001d5b566c080, 0x000001d5b566ce10,
0x000001d5b56e69f0, 0x000001d61218b530, 0x000001d6122ca460, 0x000001d612a79050,
0x000001d612951a30, 0x000001d6129520a0, 0x000001d612ace050, 0x000001d612940770,
0x000001d612e684f0, 0x000001d612e69720, 0x000001d6125c20d0, 0x000001d6125c2df0,
0x000001d6125c0d20, 0x000001d6125c2760, 0x000001d6125c13b0, 0x000001d6125c3480,
0x000001d6125c3b10, 0x000001d6125c1a40, 0x000001d6125c41a0, 0x000001d614158c10,
0x000001d614158580, 0x000001d6141536c0
}

Java Threads: ( => current thread )
  0x000001d5b577a090 JavaThread "main"                              [_thread_blocked, id=21188, stack(0x000000cc2f500000,0x000000cc2f600000) (1024K)]
  0x000001d5b56648a0 JavaThread "Reference Handler"          daemon [_thread_blocked, id=15196, stack(0x000000cc2f900000,0x000000cc2fa00000) (1024K)]
  0x000001d5b5665970 JavaThread "Finalizer"                  daemon [_thread_blocked, id=17336, stack(0x000000cc2fa00000,0x000000cc2fb00000) (1024K)]
  0x000001d5b5668bd0 JavaThread "Signal Dispatcher"          daemon [_thread_blocked, id=7872, stack(0x000000cc2fb00000,0x000000cc2fc00000) (1024K)]
  0x000001d5b56698f0 JavaThread "Attach Listener"            daemon [_thread_blocked, id=16816, stack(0x000000cc2fc00000,0x000000cc2fd00000) (1024K)]
  0x000001d5b566a610 JavaThread "Service Thread"             daemon [_thread_blocked, id=11484, stack(0x000000cc2fd00000,0x000000cc2fe00000) (1024K)]
  0x000001d5b566c080 JavaThread "Monitor Deflation Thread"   daemon [_thread_blocked, id=3176, stack(0x000000cc2fe00000,0x000000cc2ff00000) (1024K)]
=>0x000001d5b566ce10 JavaThread "C2 CompilerThread0"         daemon [_thread_in_native, id=17144, stack(0x000000cc2ff00000,0x000000cc30000000) (1024K)]
  0x000001d5b56e69f0 JavaThread "C1 CompilerThread0"         daemon [_thread_blocked, id=14280, stack(0x000000cc30000000,0x000000cc30100000) (1024K)]
  0x000001d61218b530 JavaThread "Common-Cleaner"             daemon [_thread_blocked, id=17248, stack(0x000000cc30100000,0x000000cc30200000) (1024K)]
  0x000001d6122ca460 JavaThread "Notification Thread"        daemon [_thread_blocked, id=11712, stack(0x000000cc30200000,0x000000cc30300000) (1024K)]
  0x000001d612a79050 JavaThread "Active Thread: Equinox Container: e09ac116-fb78-44e1-bf6c-8bf10b751c56"        [_thread_blocked, id=3628, stack(0x000000cc30700000,0x000000cc30800000) (1024K)]
  0x000001d612951a30 JavaThread "Framework Event Dispatcher: Equinox Container: e09ac116-fb78-44e1-bf6c-8bf10b751c56" daemon [_thread_blocked, id=7800, stack(0x000000cc30300000,0x000000cc30400000) (1024K)]
  0x000001d6129520a0 JavaThread "Start Level: Equinox Container: e09ac116-fb78-44e1-bf6c-8bf10b751c56" daemon [_thread_blocked, id=13176, stack(0x000000cc30800000,0x000000cc30900000) (1024K)]
  0x000001d612ace050 JavaThread "SCR Component Actor"        daemon [_thread_blocked, id=11160, stack(0x000000cc30900000,0x000000cc30a00000) (1024K)]
  0x000001d612940770 JavaThread "Worker-JM"                         [_thread_blocked, id=2780, stack(0x000000cc30a00000,0x000000cc30b00000) (1024K)]
  0x000001d612e684f0 JavaThread "JNA Cleaner"                daemon [_thread_blocked, id=19488, stack(0x000000cc30b00000,0x000000cc30c00000) (1024K)]
  0x000001d612e69720 JavaThread "Worker-0"                          [_thread_blocked, id=21408, stack(0x000000cc30c00000,0x000000cc30d00000) (1024K)]
  0x000001d6125c20d0 JavaThread "Worker-1: Publish Diagnostics"        [_thread_in_Java, id=10260, stack(0x000000cc30d00000,0x000000cc30e00000) (1024K)]
  0x000001d6125c2df0 JavaThread "Worker-2"                          [_thread_blocked, id=1516, stack(0x000000cc30f00000,0x000000cc31000000) (1024K)]
  0x000001d6125c0d20 JavaThread "Thread-1"                   daemon [_thread_in_native, id=13080, stack(0x000000cc31200000,0x000000cc31300000) (1024K)]
  0x000001d6125c2760 JavaThread "Thread-2"                   daemon [_thread_in_native, id=21120, stack(0x000000cc31300000,0x000000cc31400000) (1024K)]
  0x000001d6125c13b0 JavaThread "Thread-3"                   daemon [_thread_in_native, id=10300, stack(0x000000cc31400000,0x000000cc31500000) (1024K)]
  0x000001d6125c3480 JavaThread "Thread-4"                   daemon [_thread_in_native, id=10640, stack(0x000000cc31500000,0x000000cc31600000) (1024K)]
  0x000001d6125c3b10 JavaThread "Thread-5"                   daemon [_thread_in_native, id=10408, stack(0x000000cc31600000,0x000000cc31700000) (1024K)]
  0x000001d6125c1a40 JavaThread "pool-2-thread-1"                   [_thread_blocked, id=9308, stack(0x000000cc31700000,0x000000cc31800000) (1024K)]
  0x000001d6125c41a0 JavaThread "WorkspaceEventsHandler"            [_thread_blocked, id=19856, stack(0x000000cc31000000,0x000000cc31100000) (1024K)]
  0x000001d614158c10 JavaThread "pool-1-thread-1"                   [_thread_blocked, id=16884, stack(0x000000cc31800000,0x000000cc31900000) (1024K)]
  0x000001d614158580 JavaThread "ForkJoinPool.commonPool-worker-1" daemon [_thread_blocked, id=8680, stack(0x000000cc31900000,0x000000cc31a00000) (1024K)]
  0x000001d6141536c0 JavaThread "ForkJoinPool.commonPool-worker-2" daemon [_thread_blocked, id=12068, stack(0x000000cc31a00000,0x000000cc31b00000) (1024K)]
Total: 30

Other Threads:
  0x000001d5b564b990 VMThread "VM Thread"                           [id=14184, stack(0x000000cc2f800000,0x000000cc2f900000) (1024K)]
  0x000001d5b55c0c30 WatcherThread "VM Periodic Task Thread"        [id=17836, stack(0x000000cc2f700000,0x000000cc2f800000) (1024K)]
  0x000001d5b5799bc0 WorkerThread "GC Thread#0"                     [id=13452, stack(0x000000cc2f600000,0x000000cc2f700000) (1024K)]
  0x000001d6128d5a30 WorkerThread "GC Thread#1"                     [id=13632, stack(0x000000cc30400000,0x000000cc30500000) (1024K)]
  0x000001d61281bb90 WorkerThread "GC Thread#2"                     [id=7112, stack(0x000000cc30500000,0x000000cc30600000) (1024K)]
  0x000001d61281bf40 WorkerThread "GC Thread#3"                     [id=2872, stack(0x000000cc30600000,0x000000cc30700000) (1024K)]
Total: 6

Threads with active compile tasks:
C2 CompilerThread0  44336 8683   !   4       org.eclipse.jdt.internal.core.NameLookup::seekModule (267 bytes)
Total: 1

VM state: not at safepoint (normal execution)

VM Mutex/Monitor currently owned by a thread: None

Heap address: 0x0000000080000000, size: 2048 MB, Compressed Oops mode: 32-bit

CDS archive(s) mapped at: [0x000001d5cd000000-0x000001d5cdba0000-0x000001d5cdba0000), size 12189696, SharedBaseAddress: 0x000001d5cd000000, ArchiveRelocationMode: 1.
Compressed class space mapped at: 0x000001d5ce000000-0x000001d60e000000, reserved size: 1073741824
Narrow klass base: 0x000001d5cd000000, Narrow klass shift: 0, Narrow klass range: 0x100000000

GC Precious Log:
 CardTable entry size: 512
 CPUs: 4 total, 4 available
 Memory: 8088M
 Large Page Support: Disabled
 NUMA Support: Disabled
 Compressed Oops: Enabled (32-bit)
 Alignments: Space 512K, Generation 512K, Heap 2M
 Heap Min Capacity: 100M
 Heap Initial Capacity: 100M
 Heap Max Capacity: 2G
 Pre-touch: Disabled
 Parallel Workers: 4

Heap:
 PSYoungGen      total 22528K, used 20513K [0x00000000d5580000, 0x00000000d6e80000, 0x0000000100000000)
  eden space 20480K, 92% used [0x00000000d5580000,0x00000000d67f92a8,0x00000000d6980000)
  from space 2048K, 77% used [0x00000000d6980000,0x00000000d6b0f318,0x00000000d6b80000)
  to   space 2560K, 0% used [0x00000000d6c00000,0x00000000d6c00000,0x00000000d6e80000)
 ParOldGen       total 68608K, used 46707K [0x0000000080000000, 0x0000000084300000, 0x00000000d5580000)
  object space 68608K, 68% used [0x0000000080000000,0x0000000082d9cf10,0x0000000084300000)
 Metaspace       used 45668K, committed 46656K, reserved 1114112K
  class space    used 4364K, committed 4800K, reserved 1048576K

Card table byte_map: [0x000001d5b5130000,0x000001d5b5540000] _byte_map_base: 0x000001d5b4d30000

Marking Bits: (ParMarkBitMap*) 0x00007ffb9a0b3450
 Begin Bits: [0x000001d5c7c40000, 0x000001d5c9c40000)
 End Bits:   [0x000001d5c9c40000, 0x000001d5cbc40000)

Polling page: 0x000001d5b34d0000

Metaspace:

Usage:
  Non-class:     40.34 MB used.
      Class:      4.26 MB used.
       Both:     44.60 MB used.

Virtual space:
  Non-class space:       64.00 MB reserved,      40.88 MB ( 64%) committed,  1 nodes.
      Class space:        1.00 GB reserved,       4.69 MB ( <1%) committed,  1 nodes.
             Both:        1.06 GB reserved,      45.56 MB (  4%) committed. 

Chunk freelists:
   Non-Class:  7.06 MB
       Class:  11.25 MB
        Both:  18.32 MB

MaxMetaspaceSize: unlimited
CompressedClassSpaceSize: 1.00 GB
Initial GC threshold: 21.00 MB
Current GC threshold: 58.38 MB
CDS: on
 - commit_granule_bytes: 65536.
 - commit_granule_words: 8192.
 - virtual_space_node_default_size: 8388608.
 - enlarge_chunks_in_place: 1.
 - use_allocation_guard: 0.


Internal statistics:

num_allocs_failed_limit: 6.
num_arena_births: 986.
num_arena_deaths: 42.
num_vsnodes_births: 2.
num_vsnodes_deaths: 0.
num_space_committed: 729.
num_space_uncommitted: 0.
num_chunks_returned_to_freelist: 58.
num_chunks_taken_from_freelist: 3070.
num_chunk_merges: 14.
num_chunk_splits: 1883.
num_chunks_enlarged: 1119.
num_inconsistent_stats: 0.

CodeHeap 'non-profiled nmethods': size=120000Kb used=7192Kb max_used=7192Kb free=112807Kb
 bounds [0x000001d5c0460000, 0x000001d5c0b70000, 0x000001d5c7990000]
CodeHeap 'profiled nmethods': size=120000Kb used=20823Kb max_used=20823Kb free=99176Kb
 bounds [0x000001d5b8990000, 0x000001d5b9df0000, 0x000001d5bfec0000]
CodeHeap 'non-nmethods': size=5760Kb used=1410Kb max_used=1511Kb free=4349Kb
 bounds [0x000001d5bfec0000, 0x000001d5c0130000, 0x000001d5c0460000]
CodeCache: size=245760Kb, used=29425Kb, max_used=29526Kb, free=216332Kb
 total_blobs=9011, nmethods=8290, adapters=625, full_count=0
Compilation: enabled, stopped_count=0, restarted_count=0

Compilation events (20 events):
Event: 44.209 Thread 0x000001d5b56e69f0 8700       3       org.eclipse.core.runtime.Path::isPrefixOf (118 bytes)
Event: 44.210 Thread 0x000001d5b56e69f0 nmethod 8700 0x000001d5b9ddde10 code [0x000001d5b9dde080, 0x000001d5b9ddeaf8]
Event: 44.213 Thread 0x000001d5b56e69f0 8701       3       org.eclipse.jdt.internal.compiler.lookup.ModuleBinding::<init> (82 bytes)
Event: 44.215 Thread 0x000001d5b56e69f0 nmethod 8701 0x000001d5b9ddef10 code [0x000001d5b9ddf100, 0x000001d5b9ddf660]
Event: 44.220 Thread 0x000001d5b56e69f0 8702       3       org.eclipse.jdt.internal.compiler.lookup.BinaryModuleBinding::cachePartsFrom (312 bytes)
Event: 44.221 Thread 0x000001d5b56e69f0 nmethod 8702 0x000001d5b9ddf890 code [0x000001d5b9ddfb40, 0x000001d5b9de0db8]
Event: 44.222 Thread 0x000001d5b56e69f0 8703       3       org.eclipse.jdt.internal.compiler.lookup.BinaryModuleBinding::<init> (43 bytes)
Event: 44.222 Thread 0x000001d5b56e69f0 nmethod 8703 0x000001d5b9de1490 code [0x000001d5b9de1660, 0x000001d5b9de1930]
Event: 44.223 Thread 0x000001d5b56e69f0 8704       3       org.eclipse.jdt.internal.compiler.lookup.ModuleBinding::lambda$6 (29 bytes)
Event: 44.224 Thread 0x000001d5b56e69f0 nmethod 8704 0x000001d5b9de1b10 code [0x000001d5b9de1da0, 0x000001d5b9de29f0]
Event: 44.224 Thread 0x000001d5b56e69f0 8705       3       java.util.stream.ReferencePipeline::collect (11 bytes)
Event: 44.224 Thread 0x000001d5b56e69f0 nmethod 8705 0x000001d5b9de2e10 code [0x000001d5b9de2fc0, 0x000001d5b9de3148]
Event: 44.224 Thread 0x000001d5b56e69f0 8706       3       java.util.stream.ReduceOps::makeRef (29 bytes)
Event: 44.224 Thread 0x000001d5b56e69f0 nmethod 8706 0x000001d5b9de3210 code [0x000001d5b9de3420, 0x000001d5b9de3ae8]
Event: 44.224 Thread 0x000001d5b56e69f0 8707       3       java.util.stream.ReduceOps$4::makeSink (20 bytes)
Event: 44.225 Thread 0x000001d5b56e69f0 nmethod 8707 0x000001d5b9de3d90 code [0x000001d5b9de3f40, 0x000001d5b9de4210]
Event: 44.239 Thread 0x000001d5b56e69f0 8710       3       org.eclipse.jdt.internal.compiler.util.HashtableOfObject::calculateNewSize (91 bytes)
Event: 44.239 Thread 0x000001d5b56e69f0 nmethod 8710 0x000001d5b9de4310 code [0x000001d5b9de4520, 0x000001d5b9de4a58]
Event: 44.245 Thread 0x000001d5b56e69f0 8711       1       java.lang.Double::doubleValue (5 bytes)
Event: 44.246 Thread 0x000001d5b56e69f0 nmethod 8711 0x000001d5c0b65f10 code [0x000001d5c0b660a0, 0x000001d5c0b66168]

GC Heap History (20 events):
Event: 27.428 GC heap before
{Heap before GC invocations=34 (full 2):
 PSYoungGen      total 20992K, used 20772K [0x00000000d5580000, 0x00000000d6c80000, 0x0000000100000000)
  eden space 20480K, 100% used [0x00000000d5580000,0x00000000d6980000,0x00000000d6980000)
  from space 512K, 57% used [0x00000000d6b80000,0x00000000d6bc93c0,0x00000000d6c00000)
  to   space 512K, 0% used [0x00000000d6c00000,0x00000000d6c00000,0x00000000d6c80000)
 ParOldGen       total 68608K, used 32578K [0x0000000080000000, 0x0000000084300000, 0x00000000d5580000)
  object space 68608K, 47% used [0x0000000080000000,0x0000000081fd0a40,0x0000000084300000)
 Metaspace       used 39546K, committed 40512K, reserved 1114112K
  class space    used 3963K, committed 4416K, reserved 1048576K
}
Event: 27.429 GC heap after
{Heap after GC invocations=34 (full 2):
 PSYoungGen      total 20992K, used 182K [0x00000000d5580000, 0x00000000d6c80000, 0x0000000100000000)
  eden space 20480K, 0% used [0x00000000d5580000,0x00000000d5580000,0x00000000d6980000)
  from space 512K, 35% used [0x00000000d6c00000,0x00000000d6c2dbf0,0x00000000d6c80000)
  to   space 512K, 0% used [0x00000000d6b80000,0x00000000d6b80000,0x00000000d6c00000)
 ParOldGen       total 68608K, used 32610K [0x0000000080000000, 0x0000000084300000, 0x00000000d5580000)
  object space 68608K, 47% used [0x0000000080000000,0x0000000081fd8a40,0x0000000084300000)
 Metaspace       used 39546K, committed 40512K, reserved 1114112K
  class space    used 3963K, committed 4416K, reserved 1048576K
}
Event: 27.481 GC heap before
{Heap before GC invocations=35 (full 2):
 PSYoungGen      total 20992K, used 20605K [0x00000000d5580000, 0x00000000d6c80000, 0x0000000100000000)
  eden space 20480K, 99% used [0x00000000d5580000,0x00000000d69718f8,0x00000000d6980000)
  from space 512K, 35% used [0x00000000d6c00000,0x00000000d6c2dbf0,0x00000000d6c80000)
  to   space 512K, 0% used [0x00000000d6b80000,0x00000000d6b80000,0x00000000d6c00000)
 ParOldGen       total 68608K, used 32610K [0x0000000080000000, 0x0000000084300000, 0x00000000d5580000)
  object space 68608K, 47% used [0x0000000080000000,0x0000000081fd8a40,0x0000000084300000)
 Metaspace       used 39558K, committed 40512K, reserved 1114112K
  class space    used 3963K, committed 4416K, reserved 1048576K
}
Event: 27.482 GC heap after
{Heap after GC invocations=35 (full 2):
 PSYoungGen      total 20992K, used 150K [0x00000000d5580000, 0x00000000d6c80000, 0x0000000100000000)
  eden space 20480K, 0% used [0x00000000d5580000,0x00000000d5580000,0x00000000d6980000)
  from space 512K, 29% used [0x00000000d6b80000,0x00000000d6ba5bf0,0x00000000d6c00000)
  to   space 512K, 0% used [0x00000000d6c00000,0x00000000d6c00000,0x00000000d6c80000)
 ParOldGen       total 68608K, used 32642K [0x0000000080000000, 0x0000000084300000, 0x00000000d5580000)
  object space 68608K, 47% used [0x0000000080000000,0x0000000081fe0a40,0x0000000084300000)
 Metaspace       used 39558K, committed 40512K, reserved 1114112K
  class space    used 3963K, committed 4416K, reserved 1048576K
}
Event: 27.659 GC heap before
{Heap before GC invocations=36 (full 2):
 PSYoungGen      total 20992K, used 20603K [0x00000000d5580000, 0x00000000d6c80000, 0x0000000100000000)
  eden space 20480K, 99% used [0x00000000d5580000,0x00000000d6979340,0x00000000d6980000)
  from space 512K, 29% used [0x00000000d6b80000,0x00000000d6ba5bf0,0x00000000d6c00000)
  to   space 512K, 0% used [0x00000000d6c00000,0x00000000d6c00000,0x00000000d6c80000)
 ParOldGen       total 68608K, used 32642K [0x0000000080000000, 0x0000000084300000, 0x00000000d5580000)
  object space 68608K, 47% used [0x0000000080000000,0x0000000081fe0a40,0x0000000084300000)
 Metaspace       used 39638K, committed 40640K, reserved 1114112K
  class space    used 3970K, committed 4416K, reserved 1048576K
}
Event: 27.660 GC heap after
{Heap after GC invocations=36 (full 2):
 PSYoungGen      total 20992K, used 250K [0x00000000d5580000, 0x00000000d6c80000, 0x0000000100000000)
  eden space 20480K, 0% used [0x00000000d5580000,0x00000000d5580000,0x00000000d6980000)
  from space 512K, 48% used [0x00000000d6c00000,0x00000000d6c3ea60,0x00000000d6c80000)
  to   space 512K, 0% used [0x00000000d6b80000,0x00000000d6b80000,0x00000000d6c00000)
 ParOldGen       total 68608K, used 32674K [0x0000000080000000, 0x0000000084300000, 0x00000000d5580000)
  object space 68608K, 47% used [0x0000000080000000,0x0000000081fe8a40,0x0000000084300000)
 Metaspace       used 39638K, committed 40640K, reserved 1114112K
  class space    used 3970K, committed 4416K, reserved 1048576K
}
Event: 28.335 GC heap before
{Heap before GC invocations=37 (full 2):
 PSYoungGen      total 20992K, used 20730K [0x00000000d5580000, 0x00000000d6c80000, 0x0000000100000000)
  eden space 20480K, 99% used [0x00000000d5580000,0x00000000d697ffd8,0x00000000d6980000)
  from space 512K, 48% used [0x00000000d6c00000,0x00000000d6c3ea60,0x00000000d6c80000)
  to   space 512K, 0% used [0x00000000d6b80000,0x00000000d6b80000,0x00000000d6c00000)
 ParOldGen       total 68608K, used 32674K [0x0000000080000000, 0x0000000084300000, 0x00000000d5580000)
  object space 68608K, 47% used [0x0000000080000000,0x0000000081fe8a40,0x0000000084300000)
 Metaspace       used 39848K, committed 40896K, reserved 1114112K
  class space    used 3985K, committed 4480K, reserved 1048576K
}
Event: 28.338 GC heap after
{Heap after GC invocations=37 (full 2):
 PSYoungGen      total 20992K, used 483K [0x00000000d5580000, 0x00000000d6c80000, 0x0000000100000000)
  eden space 20480K, 0% used [0x00000000d5580000,0x00000000d5580000,0x00000000d6980000)
  from space 512K, 94% used [0x00000000d6b80000,0x00000000d6bf8e90,0x00000000d6c00000)
  to   space 512K, 0% used [0x00000000d6c00000,0x00000000d6c00000,0x00000000d6c80000)
 ParOldGen       total 68608K, used 32806K [0x0000000080000000, 0x0000000084300000, 0x00000000d5580000)
  object space 68608K, 47% used [0x0000000080000000,0x00000000820098b0,0x0000000084300000)
 Metaspace       used 39848K, committed 40896K, reserved 1114112K
  class space    used 3985K, committed 4480K, reserved 1048576K
}
Event: 30.656 GC heap before
{Heap before GC invocations=38 (full 2):
 PSYoungGen      total 20992K, used 20963K [0x00000000d5580000, 0x00000000d6c80000, 0x0000000100000000)
  eden space 20480K, 100% used [0x00000000d5580000,0x00000000d6980000,0x00000000d6980000)
  from space 512K, 94% used [0x00000000d6b80000,0x00000000d6bf8e90,0x00000000d6c00000)
  to   space 512K, 0% used [0x00000000d6c00000,0x00000000d6c00000,0x00000000d6c80000)
 ParOldGen       total 68608K, used 32806K [0x0000000080000000, 0x0000000084300000, 0x00000000d5580000)
  object space 68608K, 47% used [0x0000000080000000,0x00000000820098b0,0x0000000084300000)
 Metaspace       used 41097K, committed 42112K, reserved 1114112K
  class space    used 4109K, committed 4608K, reserved 1048576K
}
Event: 30.659 GC heap after
{Heap after GC invocations=38 (full 2):
 PSYoungGen      total 20992K, used 491K [0x00000000d5580000, 0x00000000d6e80000, 0x0000000100000000)
  eden space 20480K, 0% used [0x00000000d5580000,0x00000000d5580000,0x00000000d6980000)
  from space 512K, 95% used [0x00000000d6c00000,0x00000000d6c7ad90,0x00000000d6c80000)
  to   space 2560K, 0% used [0x00000000d6980000,0x00000000d6980000,0x00000000d6c00000)
 ParOldGen       total 68608K, used 34166K [0x0000000080000000, 0x0000000084300000, 0x00000000d5580000)
  object space 68608K, 49% used [0x0000000080000000,0x000000008215d8e8,0x0000000084300000)
 Metaspace       used 41097K, committed 42112K, reserved 1114112K
  class space    used 4109K, committed 4608K, reserved 1048576K
}
Event: 31.567 GC heap before
{Heap before GC invocations=39 (full 2):
 PSYoungGen      total 20992K, used 20929K [0x00000000d5580000, 0x00000000d6e80000, 0x0000000100000000)
  eden space 20480K, 99% used [0x00000000d5580000,0x00000000d6975788,0x00000000d6980000)
  from space 512K, 95% used [0x00000000d6c00000,0x00000000d6c7ad90,0x00000000d6c80000)
  to   space 2560K, 0% used [0x00000000d6980000,0x00000000d6980000,0x00000000d6c00000)
 ParOldGen       total 68608K, used 34166K [0x0000000080000000, 0x0000000084300000, 0x00000000d5580000)
  object space 68608K, 49% used [0x0000000080000000,0x000000008215d8e8,0x0000000084300000)
 Metaspace       used 41961K, committed 43008K, reserved 1114112K
  class space    used 4160K, committed 4608K, reserved 1048576K
}
Event: 31.573 GC heap after
{Heap after GC invocations=39 (full 2):
 PSYoungGen      total 23040K, used 2557K [0x00000000d5580000, 0x00000000d7480000, 0x0000000100000000)
  eden space 20480K, 0% used [0x00000000d5580000,0x00000000d5580000,0x00000000d6980000)
  from space 2560K, 99% used [0x00000000d6980000,0x00000000d6bff448,0x00000000d6c00000)
  to   space 5632K, 0% used [0x00000000d6f00000,0x00000000d6f00000,0x00000000d7480000)
 ParOldGen       total 68608K, used 36625K [0x0000000080000000, 0x0000000084300000, 0x00000000d5580000)
  object space 68608K, 53% used [0x0000000080000000,0x00000000823c44c0,0x0000000084300000)
 Metaspace       used 41961K, committed 43008K, reserved 1114112K
  class space    used 4160K, committed 4608K, reserved 1048576K
}
Event: 32.827 GC heap before
{Heap before GC invocations=40 (full 2):
 PSYoungGen      total 23040K, used 23037K [0x00000000d5580000, 0x00000000d7480000, 0x0000000100000000)
  eden space 20480K, 100% used [0x00000000d5580000,0x00000000d6980000,0x00000000d6980000)
  from space 2560K, 99% used [0x00000000d6980000,0x00000000d6bff448,0x00000000d6c00000)
  to   space 5632K, 0% used [0x00000000d6f00000,0x00000000d6f00000,0x00000000d7480000)
 ParOldGen       total 68608K, used 36625K [0x0000000080000000, 0x0000000084300000, 0x00000000d5580000)
  object space 68608K, 53% used [0x0000000080000000,0x00000000823c44c0,0x0000000084300000)
 Metaspace       used 43416K, committed 44480K, reserved 1114112K
  class space    used 4264K, committed 4736K, reserved 1048576K
}
Event: 32.835 GC heap after
{Heap after GC invocations=40 (full 2):
 PSYoungGen      total 24576K, used 4083K [0x00000000d5580000, 0x00000000d7300000, 0x0000000100000000)
  eden space 20480K, 0% used [0x00000000d5580000,0x00000000d5580000,0x00000000d6980000)
  from space 4096K, 99% used [0x00000000d6f00000,0x00000000d72fcfe8,0x00000000d7300000)
  to   space 4608K, 0% used [0x00000000d6a00000,0x00000000d6a00000,0x00000000d6e80000)
 ParOldGen       total 68608K, used 39083K [0x0000000080000000, 0x0000000084300000, 0x00000000d5580000)
  object space 68608K, 56% used [0x0000000080000000,0x000000008262ae18,0x0000000084300000)
 Metaspace       used 43416K, committed 44480K, reserved 1114112K
  class space    used 4264K, committed 4736K, reserved 1048576K
}
Event: 34.021 GC heap before
{Heap before GC invocations=41 (full 2):
 PSYoungGen      total 24576K, used 24562K [0x00000000d5580000, 0x00000000d7300000, 0x0000000100000000)
  eden space 20480K, 99% used [0x00000000d5580000,0x00000000d697f8e0,0x00000000d6980000)
  from space 4096K, 99% used [0x00000000d6f00000,0x00000000d72fcfe8,0x00000000d7300000)
  to   space 4608K, 0% used [0x00000000d6a00000,0x00000000d6a00000,0x00000000d6e80000)
 ParOldGen       total 68608K, used 39083K [0x0000000080000000, 0x0000000084300000, 0x00000000d5580000)
  object space 68608K, 56% used [0x0000000080000000,0x000000008262ae18,0x0000000084300000)
 Metaspace       used 45065K, committed 46080K, reserved 1114112K
  class space    used 4356K, committed 4800K, reserved 1048576K
}
Event: 34.030 GC heap after
{Heap after GC invocations=41 (full 2):
 PSYoungGen      total 23552K, used 2928K [0x00000000d5580000, 0x00000000d7080000, 0x0000000100000000)
  eden space 20480K, 0% used [0x00000000d5580000,0x00000000d5580000,0x00000000d6980000)
  from space 3072K, 95% used [0x00000000d6a00000,0x00000000d6cdc010,0x00000000d6d00000)
  to   space 3584K, 0% used [0x00000000d6d00000,0x00000000d6d00000,0x00000000d7080000)
 ParOldGen       total 68608K, used 42664K [0x0000000080000000, 0x0000000084300000, 0x00000000d5580000)
  object space 68608K, 62% used [0x0000000080000000,0x00000000829aa020,0x0000000084300000)
 Metaspace       used 45065K, committed 46080K, reserved 1114112K
  class space    used 4356K, committed 4800K, reserved 1048576K
}
Event: 35.787 GC heap before
{Heap before GC invocations=42 (full 2):
 PSYoungGen      total 23552K, used 23408K [0x00000000d5580000, 0x00000000d7080000, 0x0000000100000000)
  eden space 20480K, 99% used [0x00000000d5580000,0x00000000d697fff0,0x00000000d6980000)
  from space 3072K, 95% used [0x00000000d6a00000,0x00000000d6cdc010,0x00000000d6d00000)
  to   space 3584K, 0% used [0x00000000d6d00000,0x00000000d6d00000,0x00000000d7080000)
 ParOldGen       total 68608K, used 42664K [0x0000000080000000, 0x0000000084300000, 0x00000000d5580000)
  object space 68608K, 62% used [0x0000000080000000,0x00000000829aa020,0x0000000084300000)
 Metaspace       used 45324K, committed 46336K, reserved 1114112K
  class space    used 4358K, committed 4800K, reserved 1048576K
}
Event: 35.793 GC heap after
{Heap after GC invocations=42 (full 2):
 PSYoungGen      total 24064K, used 3121K [0x00000000d5580000, 0x00000000d7080000, 0x0000000100000000)
  eden space 20480K, 0% used [0x00000000d5580000,0x00000000d5580000,0x00000000d6980000)
  from space 3584K, 87% used [0x00000000d6d00000,0x00000000d700c780,0x00000000d7080000)
  to   space 3584K, 0% used [0x00000000d6980000,0x00000000d6980000,0x00000000d6d00000)
 ParOldGen       total 68608K, used 45461K [0x0000000080000000, 0x0000000084300000, 0x00000000d5580000)
  object space 68608K, 66% used [0x0000000080000000,0x0000000082c654d0,0x0000000084300000)
 Metaspace       used 45324K, committed 46336K, reserved 1114112K
  class space    used 4358K, committed 4800K, reserved 1048576K
}
Event: 41.487 GC heap before
{Heap before GC invocations=43 (full 2):
 PSYoungGen      total 24064K, used 23601K [0x00000000d5580000, 0x00000000d7080000, 0x0000000100000000)
  eden space 20480K, 100% used [0x00000000d5580000,0x00000000d6980000,0x00000000d6980000)
  from space 3584K, 87% used [0x00000000d6d00000,0x00000000d700c780,0x00000000d7080000)
  to   space 3584K, 0% used [0x00000000d6980000,0x00000000d6980000,0x00000000d6d00000)
 ParOldGen       total 68608K, used 45461K [0x0000000080000000, 0x0000000084300000, 0x00000000d5580000)
  object space 68608K, 66% used [0x0000000080000000,0x0000000082c654d0,0x0000000084300000)
 Metaspace       used 45538K, committed 46528K, reserved 1114112K
  class space    used 4361K, committed 4800K, reserved 1048576K
}
Event: 41.491 GC heap after
{Heap after GC invocations=43 (full 2):
 PSYoungGen      total 22528K, used 1596K [0x00000000d5580000, 0x00000000d6e80000, 0x0000000100000000)
  eden space 20480K, 0% used [0x00000000d5580000,0x00000000d5580000,0x00000000d6980000)
  from space 2048K, 77% used [0x00000000d6980000,0x00000000d6b0f318,0x00000000d6b80000)
  to   space 2560K, 0% used [0x00000000d6c00000,0x00000000d6c00000,0x00000000d6e80000)
 ParOldGen       total 68608K, used 46707K [0x0000000080000000, 0x0000000084300000, 0x00000000d5580000)
  object space 68608K, 68% used [0x0000000080000000,0x0000000082d9cf10,0x0000000084300000)
 Metaspace       used 45538K, committed 46528K, reserved 1114112K
  class space    used 4361K, committed 4800K, reserved 1048576K
}

Dll operation events (10 events):
Event: 0.056 Loaded shared library c:\Users\SONY\.antigravity\extensions\redhat.java-1.54.0-win32-x64\jre\21.0.10-win32-x86_64\bin\java.dll
Event: 0.291 Loaded shared library c:\Users\SONY\.antigravity\extensions\redhat.java-1.54.0-win32-x64\jre\21.0.10-win32-x86_64\bin\zip.dll
Event: 0.350 Loaded shared library C:\Users\SONY\.antigravity\extensions\redhat.java-1.54.0-win32-x64\jre\21.0.10-win32-x86_64\bin\instrument.dll
Event: 0.360 Loaded shared library C:\Users\SONY\.antigravity\extensions\redhat.java-1.54.0-win32-x64\jre\21.0.10-win32-x86_64\bin\net.dll
Event: 0.369 Loaded shared library C:\Users\SONY\.antigravity\extensions\redhat.java-1.54.0-win32-x64\jre\21.0.10-win32-x86_64\bin\nio.dll
Event: 0.381 Loaded shared library C:\Users\SONY\.antigravity\extensions\redhat.java-1.54.0-win32-x64\jre\21.0.10-win32-x86_64\bin\zip.dll
Event: 0.462 Loaded shared library C:\Users\SONY\.antigravity\extensions\redhat.java-1.54.0-win32-x64\jre\21.0.10-win32-x86_64\bin\jimage.dll
Event: 0.821 Loaded shared library c:\Users\SONY\.antigravity\extensions\redhat.java-1.54.0-win32-x64\jre\21.0.10-win32-x86_64\bin\verify.dll
Event: 5.103 Loaded shared library C:\Users\SONY\AppData\Roaming\Antigravity\User\globalStorage\redhat.java\1.54.0\config_ss_win\org.eclipse.equinox.launcher\org.eclipse.equinox.launcher.win32.win32.x86_64_1.3.0.v20260203-2149\eclipse_11919.dll
Event: 8.254 Loaded shared library C:\Users\SONY\AppData\Local\Temp\jna-2551079\jna5991176440047191791.dll

Deoptimization events (20 events):
Event: 42.468 Thread 0x000001d6125c20d0 DEOPT PACKING pc=0x000001d5c0b238d8 sp=0x000000cc30dfe420
Event: 42.468 Thread 0x000001d6125c20d0 DEOPT UNPACKING pc=0x000001d5bff13aa2 sp=0x000000cc30dfe208 mode 2
Event: 42.468 Thread 0x000001d6125c20d0 Uncommon trap: trap_request=0xffffffbe fr.pc=0x000001d5c0b238d8 relative=0x0000000000003298
Event: 42.468 Thread 0x000001d6125c20d0 Uncommon trap: reason=profile_predicate action=maybe_recompile pc=0x000001d5c0b238d8 method=java.net.URI$Parser.scan(IILjava/lang/String;)I @ 6 c2
Event: 42.468 Thread 0x000001d6125c20d0 DEOPT PACKING pc=0x000001d5c0b238d8 sp=0x000000cc30dfe4a0
Event: 42.468 Thread 0x000001d6125c20d0 DEOPT UNPACKING pc=0x000001d5bff13aa2 sp=0x000000cc30dfe288 mode 2
Event: 42.501 Thread 0x000001d6125c20d0 Uncommon trap: trap_request=0xffffffde fr.pc=0x000001d5c0a8bf78 relative=0x0000000000000f78
Event: 42.501 Thread 0x000001d6125c20d0 Uncommon trap: reason=class_check action=maybe_recompile pc=0x000001d5c0a8bf78 method=org.eclipse.jdt.internal.compiler.parser.Parser.consumeRule(I)V @ 6019 c2
Event: 42.501 Thread 0x000001d6125c20d0 DEOPT PACKING pc=0x000001d5c0a8bf78 sp=0x000000cc30dfeae0
Event: 42.501 Thread 0x000001d6125c20d0 DEOPT UNPACKING pc=0x000001d5bff13aa2 sp=0x000000cc30dfea70 mode 2
Event: 43.156 Thread 0x000001d6125c20d0 DEOPT PACKING pc=0x000001d5b9c22872 sp=0x000000cc30dfe4d0
Event: 43.156 Thread 0x000001d6125c20d0 DEOPT UNPACKING pc=0x000001d5bff14242 sp=0x000000cc30dfda48 mode 0
Event: 43.813 Thread 0x000001d6125c20d0 DEOPT PACKING pc=0x000001d5b9c22872 sp=0x000000cc30dfe4d0
Event: 43.813 Thread 0x000001d6125c20d0 DEOPT UNPACKING pc=0x000001d5bff14242 sp=0x000000cc30dfda48 mode 0
Event: 43.886 Thread 0x000001d6125c20d0 Uncommon trap: trap_request=0xffffff45 fr.pc=0x000001d5c0a5720c relative=0x000000000000006c
Event: 43.886 Thread 0x000001d6125c20d0 Uncommon trap: reason=unstable_if action=reinterpret pc=0x000001d5c0a5720c method=org.eclipse.jdt.internal.compiler.problem.DefaultProblem.isError()Z @ 6 c2
Event: 43.886 Thread 0x000001d6125c20d0 DEOPT PACKING pc=0x000001d5c0a5720c sp=0x000000cc30dfe7f0
Event: 43.886 Thread 0x000001d6125c20d0 DEOPT UNPACKING pc=0x000001d5bff13aa2 sp=0x000000cc30dfe780 mode 2
Event: 43.893 Thread 0x000001d6125c20d0 DEOPT PACKING pc=0x000001d5b9b108d4 sp=0x000000cc30dfea00
Event: 43.893 Thread 0x000001d6125c20d0 DEOPT UNPACKING pc=0x000001d5bff14242 sp=0x000000cc30dfdf48 mode 0

Classes loaded (20 events):
Event: 25.053 Loading class java/util/regex/Pattern$Caret
Event: 25.053 Loading class java/util/regex/Pattern$Caret done
Event: 25.581 Loading class java/util/Hashtable$ValueCollection
Event: 25.581 Loading class java/util/Hashtable$ValueCollection done
Event: 25.893 Loading class java/util/regex/PatternSyntaxException
Event: 25.894 Loading class java/util/regex/PatternSyntaxException done
Event: 26.109 Loading class java/util/WeakHashMap$KeyIterator
Event: 26.109 Loading class java/util/WeakHashMap$KeyIterator done
Event: 28.612 Loading class java/util/stream/ReduceOps$4
Event: 28.612 Loading class java/util/stream/ReduceOps$4 done
Event: 28.612 Loading class java/util/stream/ReduceOps$4ReducingSink
Event: 28.613 Loading class java/util/stream/ReduceOps$4ReducingSink done
Event: 31.040 Loading class java/io/FileReader
Event: 31.040 Loading class java/io/FileReader done
Event: 31.041 Loading class java/lang/UnsupportedClassVersionError
Event: 31.041 Loading class java/lang/UnsupportedClassVersionError done
Event: 33.850 Loading class java/util/concurrent/ConcurrentHashMap$TreeNode
Event: 33.851 Loading class java/util/concurrent/ConcurrentHashMap$TreeNode done
Event: 33.851 Loading class java/util/concurrent/ConcurrentHashMap$TreeBin
Event: 33.852 Loading class java/util/concurrent/ConcurrentHashMap$TreeBin done

Classes unloaded (20 events):
Event: 9.654 Thread 0x000001d5b564b990 Unloading class 0x000001d5ce18c800 'java/lang/invoke/LambdaForm$MH+0x000001d5ce18c800'
Event: 9.654 Thread 0x000001d5b564b990 Unloading class 0x000001d5ce18c400 'java/lang/invoke/LambdaForm$MH+0x000001d5ce18c400'
Event: 9.654 Thread 0x000001d5b564b990 Unloading class 0x000001d5ce18c000 'java/lang/invoke/LambdaForm$MH+0x000001d5ce18c000'
Event: 9.654 Thread 0x000001d5b564b990 Unloading class 0x000001d5ce18bc00 'java/lang/invoke/LambdaForm$BMH+0x000001d5ce18bc00'
Event: 9.654 Thread 0x000001d5b564b990 Unloading class 0x000001d5ce18b800 'java/lang/invoke/LambdaForm$DMH+0x000001d5ce18b800'
Event: 9.654 Thread 0x000001d5b564b990 Unloading class 0x000001d5ce18a400 'java/lang/invoke/LambdaForm$DMH+0x000001d5ce18a400'
Event: 23.189 Thread 0x000001d5b564b990 Unloading class 0x000001d5ce3e1400 'java/lang/invoke/LambdaForm$MH+0x000001d5ce3e1400'
Event: 23.189 Thread 0x000001d5b564b990 Unloading class 0x000001d5ce391400 'java/lang/invoke/LambdaForm$MH+0x000001d5ce391400'
Event: 23.189 Thread 0x000001d5b564b990 Unloading class 0x000001d5ce390c00 'java/lang/invoke/LambdaForm$MH+0x000001d5ce390c00'
Event: 23.189 Thread 0x000001d5b564b990 Unloading class 0x000001d5ce390400 'java/lang/invoke/LambdaForm$MH+0x000001d5ce390400'
Event: 23.189 Thread 0x000001d5b564b990 Unloading class 0x000001d5ce390000 'java/lang/invoke/LambdaForm$DMH+0x000001d5ce390000'
Event: 23.189 Thread 0x000001d5b564b990 Unloading class 0x000001d5ce38c000 'java/lang/invoke/LambdaForm$MH+0x000001d5ce38c000'
Event: 23.189 Thread 0x000001d5b564b990 Unloading class 0x000001d5ce38b800 'java/lang/invoke/LambdaForm$MH+0x000001d5ce38b800'
Event: 23.189 Thread 0x000001d5b564b990 Unloading class 0x000001d5ce38b000 'java/lang/invoke/LambdaForm$MH+0x000001d5ce38b000'
Event: 23.189 Thread 0x000001d5b564b990 Unloading class 0x000001d5ce38a800 'java/lang/invoke/LambdaForm$MH+0x000001d5ce38a800'
Event: 23.189 Thread 0x000001d5b564b990 Unloading class 0x000001d5ce38a000 'java/lang/invoke/LambdaForm$MH+0x000001d5ce38a000'
Event: 23.189 Thread 0x000001d5b564b990 Unloading class 0x000001d5ce389800 'java/lang/invoke/LambdaForm$MH+0x000001d5ce389800'
Event: 23.189 Thread 0x000001d5b564b990 Unloading class 0x000001d5ce389400 'java/lang/invoke/LambdaForm$MH+0x000001d5ce389400'
Event: 23.189 Thread 0x000001d5b564b990 Unloading class 0x000001d5ce388c00 'java/lang/invoke/LambdaForm$MH+0x000001d5ce388c00'
Event: 23.189 Thread 0x000001d5b564b990 Unloading class 0x000001d5ce388000 'java/lang/invoke/LambdaForm$DMH+0x000001d5ce388000'

Classes redefined (0 events):
No events

Internal exceptions (20 events):
Event: 18.869 Thread 0x000001d614158580 Implicit null exception at 0x000001d5c0622f00 to 0x000001d5c062326c
Event: 18.871 Thread 0x000001d614158580 Exception <a 'java/lang/NoSuchMethodError'{0x00000000d5ce55a0}: 'int java.lang.invoke.Invokers$Holder.linkToTargetMethod(java.lang.Object, java.lang.Object, java.lang.Object)'> (0x00000000d5ce55a0) 
thrown [s\src\hotspot\share\interpreter\linkResolver.cpp, line 773]
Event: 21.974 Thread 0x000001d614158580 Exception <a 'java/lang/NoSuchMethodError'{0x00000000d65d4888}: 'java.lang.Object java.lang.invoke.DirectMethodHandle$Holder.invokeVirtual(java.lang.Object, java.lang.Object, int)'> (0x00000000d65d4888) 
thrown [s\src\hotspot\share\interpreter\linkResolver.cpp, line 773]
Event: 24.931 Thread 0x000001d614158580 Implicit null exception at 0x000001d5c050d3a0 to 0x000001d5c050df78
Event: 25.586 Thread 0x000001d6141536c0 Exception <a 'java/lang/NoSuchMethodError'{0x00000000d5ad0100}: 'java.lang.Object java.lang.invoke.DirectMethodHandle$Holder.invokeSpecial(java.lang.Object, java.lang.Object, java.lang.Object, java.lang.Object, int, java.lang.Object, java.lang.Object)'> (0x00000000d5ad0100) 
thrown [s\src\hotspot\share\interpreter\linkResolver.cpp, line 773]
Event: 26.940 Thread 0x000001d612e69720 Exception <a 'java/lang/NoSuchMethodError'{0x00000000d55c7be8}: 'java.lang.Object java.lang.invoke.DirectMethodHandle$Holder.invokeSpecial(java.lang.Object, java.lang.Object, int, long)'> (0x00000000d55c7be8) 
thrown [s\src\hotspot\share\interpreter\linkResolver.cpp, line 773]
Event: 28.669 Thread 0x000001d612e69720 Exception <a 'java/lang/NoSuchMethodError'{0x00000000d5a1b9d8}: 'int java.lang.invoke.DirectMethodHandle$Holder.invokeSpecialIFC(java.lang.Object, java.lang.Object, java.lang.Object)'> (0x00000000d5a1b9d8) 
thrown [s\src\hotspot\share\interpreter\linkResolver.cpp, line 773]
Event: 28.709 Thread 0x000001d612e69720 Implicit null exception at 0x000001d5c07fc1c0 to 0x000001d5c07fd43c
Event: 28.877 Thread 0x000001d612e69720 Implicit null exception at 0x000001d5c0668ea9 to 0x000001d5c06694b4
Event: 30.826 Thread 0x000001d614158c10 Exception <a 'java/lang/IncompatibleClassChangeError'{0x00000000d59c1c00}: Found class java.lang.Object, but interface was expected> (0x00000000d59c1c00) 
thrown [s\src\hotspot\share\interpreter\linkResolver.cpp, line 840]
Event: 30.878 Thread 0x000001d614158c10 Exception <a 'java/lang/IncompatibleClassChangeError'{0x00000000d5a18510}: Found class java.lang.Object, but interface was expected> (0x00000000d5a18510) 
thrown [s\src\hotspot\share\interpreter\linkResolver.cpp, line 840]
Event: 31.050 Thread 0x000001d614158c10 Exception <a 'java/lang/NoSuchMethodError'{0x00000000d5d7a478}: 'int java.lang.invoke.Invokers$Holder.invokeExact_MT(java.lang.Object, java.lang.Object)'> (0x00000000d5d7a478) 
thrown [s\src\hotspot\share\interpreter\linkResolver.cpp, line 773]
Event: 31.134 Thread 0x000001d614158c10 Exception <a 'java/lang/NoSuchMethodError'{0x00000000d5ef4848}: 'int java.lang.invoke.DirectMethodHandle$Holder.invokeInterface(java.lang.Object, java.lang.Object)'> (0x00000000d5ef4848) 
thrown [s\src\hotspot\share\interpreter\linkResolver.cpp, line 773]
Event: 31.135 Thread 0x000001d614158c10 Exception <a 'java/lang/IncompatibleClassChangeError'{0x00000000d5ef7b18}: Found class java.lang.Object, but interface was expected> (0x00000000d5ef7b18) 
thrown [s\src\hotspot\share\interpreter\linkResolver.cpp, line 840]
Event: 32.250 Thread 0x000001d614158c10 Exception <a 'java/lang/NoSuchMethodError'{0x00000000d608eae8}: 'java.lang.Object java.lang.invoke.DirectMethodHandle$Holder.invokeStatic(java.lang.Object, java.lang.Object, int, java.lang.Object, java.lang.Object)'> (0x00000000d608eae8) 
thrown [s\src\hotspot\share\interpreter\linkResolver.cpp, line 773]
Event: 32.530 Thread 0x000001d6125c2df0 Exception <a 'java/io/FileNotFoundException'{0x00000000d66edc68}> (0x00000000d66edc68) 
thrown [s\src\hotspot\share\prims\jni.cpp, line 520]
Event: 32.530 Thread 0x000001d6125c2df0 Exception <a 'java/io/FileNotFoundException'{0x00000000d66eeef0}> (0x00000000d66eeef0) 
thrown [s\src\hotspot\share\prims\jni.cpp, line 520]
Event: 32.530 Thread 0x000001d6125c2df0 Exception <a 'java/io/FileNotFoundException'{0x00000000d66efec0}> (0x00000000d66efec0) 
thrown [s\src\hotspot\share\prims\jni.cpp, line 520]
Event: 32.922 Thread 0x000001d6125c2df0 Implicit null exception at 0x000001d5c0830949 to 0x000001d5c0830aa0
Event: 37.507 Thread 0x000001d6125c20d0 Implicit null exception at 0x000001d5c09f7d40 to 0x000001d5c09f810c

ZGC Phase Switch (0 events):
No events

VM Operations (20 events):
Event: 35.451 Executing non-safepoint VM operation: HandshakeAllThreads (Deoptimize)
Event: 35.452 Executing non-safepoint VM operation: HandshakeAllThreads (Deoptimize) done
Event: 35.787 Executing safepoint VM operation: ParallelGCFailedAllocation (Allocation Failure)
Event: 35.793 Executing safepoint VM operation: ParallelGCFailedAllocation (Allocation Failure) done
Event: 36.799 Executing safepoint VM operation: Cleanup
Event: 36.911 Executing safepoint VM operation: Cleanup done
Event: 37.923 Executing safepoint VM operation: Cleanup
Event: 38.095 Executing safepoint VM operation: Cleanup done
Event: 39.100 Executing safepoint VM operation: Cleanup
Event: 39.131 Executing safepoint VM operation: Cleanup done
Event: 40.138 Executing safepoint VM operation: Cleanup
Event: 40.528 Executing safepoint VM operation: Cleanup done
Event: 41.487 Executing safepoint VM operation: ParallelGCFailedAllocation (Allocation Failure)
Event: 41.491 Executing safepoint VM operation: ParallelGCFailedAllocation (Allocation Failure) done
Event: 42.507 Executing safepoint VM operation: Cleanup
Event: 42.507 Executing safepoint VM operation: Cleanup done
Event: 43.521 Executing safepoint VM operation: Cleanup
Event: 43.521 Executing safepoint VM operation: Cleanup done
Event: 43.893 Executing non-safepoint VM operation: HandshakeAllThreads (Deoptimize)
Event: 43.893 Executing non-safepoint VM operation: HandshakeAllThreads (Deoptimize) done

Memory protections (0 events):
No events

Nmethod flushes (20 events):
Event: 23.203 Thread 0x000001d5b564b990 flushing  nmethod 0x000001d5b8cfcc10
Event: 23.203 Thread 0x000001d5b564b990 flushing  nmethod 0x000001d5b8d00910
Event: 23.203 Thread 0x000001d5b564b990 flushing  nmethod 0x000001d5b8d01590
Event: 23.203 Thread 0x000001d5b564b990 flushing  nmethod 0x000001d5b8d18610
Event: 23.203 Thread 0x000001d5b564b990 flushing  nmethod 0x000001d5b8d77d90
Event: 23.203 Thread 0x000001d5b564b990 flushing  nmethod 0x000001d5b8d7bd10
Event: 23.203 Thread 0x000001d5b564b990 flushing  nmethod 0x000001d5b8dcd510
Event: 23.203 Thread 0x000001d5b564b990 flushing  nmethod 0x000001d5b8def990
Event: 23.203 Thread 0x000001d5b564b990 flushing  nmethod 0x000001d5b8df5790
Event: 23.203 Thread 0x000001d5b564b990 flushing  nmethod 0x000001d5b8e38610
Event: 23.203 Thread 0x000001d5b564b990 flushing  nmethod 0x000001d5b8e47490
Event: 23.203 Thread 0x000001d5b564b990 flushing  nmethod 0x000001d5b8e5a790
Event: 23.203 Thread 0x000001d5b564b990 flushing  nmethod 0x000001d5b8e5b110
Event: 23.203 Thread 0x000001d5b564b990 flushing  nmethod 0x000001d5b8e6e310
Event: 23.203 Thread 0x000001d5b564b990 flushing  nmethod 0x000001d5b8e77810
Event: 23.203 Thread 0x000001d5b564b990 flushing  nmethod 0x000001d5b8e7fe10
Event: 23.203 Thread 0x000001d5b564b990 flushing  nmethod 0x000001d5b8e80790
Event: 23.203 Thread 0x000001d5b564b990 flushing  nmethod 0x000001d5b8e80d90
Event: 23.203 Thread 0x000001d5b564b990 flushing osr nmethod 0x000001d5b8ec1e90
Event: 23.203 Thread 0x000001d5b564b990 flushing osr nmethod 0x000001d5b8ec6c90

Events (20 events):
Event: 21.946 Thread 0x000001d5b56e69f0 Thread added: 0x000001d6131ca5d0
Event: 22.239 Thread 0x000001d6131ca5d0 Thread exited: 0x000001d6131ca5d0
Event: 22.605 Thread 0x000001d5b56e69f0 Thread added: 0x000001d612e51c70
Event: 24.289 Thread 0x000001d612e51c70 Thread exited: 0x000001d612e51c70
Event: 26.625 Thread 0x000001d5b56e69f0 Thread added: 0x000001d6148a54e0
Event: 29.071 Thread 0x000001d6148a54e0 Thread exited: 0x000001d6148a54e0
Event: 30.194 Thread 0x000001d5b56e69f0 Thread added: 0x000001d614da7560
Event: 30.565 Thread 0x000001d614da7560 Thread exited: 0x000001d614da7560
Event: 30.726 Thread 0x000001d5b56e69f0 Thread added: 0x000001d613558890
Event: 34.954 Thread 0x000001d613558890 Thread exited: 0x000001d613558890
Event: 34.979 Thread 0x000001d5b56e69f0 Thread added: 0x000001d613558890
Event: 37.275 Thread 0x000001d613558890 Thread exited: 0x000001d613558890
Event: 37.291 Thread 0x000001d5b56e69f0 Thread added: 0x000001d613558890
Event: 41.000 Thread 0x000001d613558890 Thread exited: 0x000001d613558890
Event: 41.248 Thread 0x000001d5b56e69f0 Thread added: 0x000001d6131c77b0
Event: 42.035 Thread 0x000001d6131c77b0 Thread exited: 0x000001d6131c77b0
Event: 42.072 Thread 0x000001d5b56e69f0 Thread added: 0x000001d6131c6a10
Event: 42.929 Thread 0x000001d6131c6a10 Thread exited: 0x000001d6131c6a10
Event: 43.888 Thread 0x000001d5b56e69f0 Thread added: 0x000001d6131c8c20
Event: 44.206 Thread 0x000001d6131c8c20 Thread exited: 0x000001d6131c8c20


Dynamic libraries:
0x00007ff764c80000 - 0x00007ff764c8e000 	c:\Users\SONY\.antigravity\extensions\redhat.java-1.54.0-win32-x64\jre\21.0.10-win32-x86_64\bin\java.exe
0x00007ffc04530000 - 0x00007ffc04728000 	C:\Windows\SYSTEM32\ntdll.dll
0x00007ffc03120000 - 0x00007ffc031dd000 	C:\Windows\System32\KERNEL32.DLL
0x00007ffc01f40000 - 0x00007ffc02236000 	C:\Windows\System32\KERNELBASE.dll
0x00007ffc01c10000 - 0x00007ffc01d10000 	C:\Windows\System32\ucrtbase.dll
0x00007ffbedc50000 - 0x00007ffbedc68000 	c:\Users\SONY\.antigravity\extensions\redhat.java-1.54.0-win32-x64\jre\21.0.10-win32-x86_64\bin\jli.dll
0x00007ffc02e40000 - 0x00007ffc02fde000 	C:\Windows\System32\USER32.dll
0x00007ffc01e70000 - 0x00007ffc01e92000 	C:\Windows\System32\win32u.dll
0x00007ffc02590000 - 0x00007ffc025bc000 	C:\Windows\System32\GDI32.dll
0x00007ffc02300000 - 0x00007ffc0241a000 	C:\Windows\System32\gdi32full.dll
0x00007ffc01ea0000 - 0x00007ffc01f3d000 	C:\Windows\System32\msvcp_win.dll
0x00007ffbedc30000 - 0x00007ffbedc4e000 	c:\Users\SONY\.antigravity\extensions\redhat.java-1.54.0-win32-x64\jre\21.0.10-win32-x86_64\bin\VCRUNTIME140.dll
0x00007ffbeef00000 - 0x00007ffbef19a000 	C:\Windows\WinSxS\amd64_microsoft.windows.common-controls_6595b64144ccf1df_6.0.19041.3636_none_60b6a03d71f818d5\COMCTL32.dll
0x00007ffc03240000 - 0x00007ffc032de000 	C:\Windows\System32\msvcrt.dll
0x00007ffc04340000 - 0x00007ffc04370000 	C:\Windows\System32\IMM32.DLL
0x00007ffbf2b70000 - 0x00007ffbf2b7c000 	c:\Users\SONY\.antigravity\extensions\redhat.java-1.54.0-win32-x64\jre\21.0.10-win32-x86_64\bin\vcruntime140_1.dll
0x00007ffbd2970000 - 0x00007ffbd29fd000 	c:\Users\SONY\.antigravity\extensions\redhat.java-1.54.0-win32-x64\jre\21.0.10-win32-x86_64\bin\msvcp140.dll
0x00007ffb993f0000 - 0x00007ffb9a191000 	c:\Users\SONY\.antigravity\extensions\redhat.java-1.54.0-win32-x64\jre\21.0.10-win32-x86_64\bin\server\jvm.dll
0x00007ffc04040000 - 0x00007ffc040ef000 	C:\Windows\System32\ADVAPI32.dll
0x00007ffc04370000 - 0x00007ffc0440c000 	C:\Windows\System32\sechost.dll
0x00007ffc04210000 - 0x00007ffc04336000 	C:\Windows\System32\RPCRT4.dll
0x00007ffc03ad0000 - 0x00007ffc03b3b000 	C:\Windows\System32\WS2_32.dll
0x00007ffc01180000 - 0x00007ffc011cb000 	C:\Windows\SYSTEM32\POWRPROF.dll
0x00007ffbeb3c0000 - 0x00007ffbeb3e7000 	C:\Windows\SYSTEM32\WINMM.dll
0x00007ffbfa6a0000 - 0x00007ffbfa6aa000 	C:\Windows\SYSTEM32\VERSION.dll
0x00007ffc00ff0000 - 0x00007ffc01002000 	C:\Windows\SYSTEM32\UMPDC.dll
0x00007ffc00410000 - 0x00007ffc00422000 	C:\Windows\SYSTEM32\kernel.appcore.dll
0x00007ffbf1670000 - 0x00007ffbf167a000 	c:\Users\SONY\.antigravity\extensions\redhat.java-1.54.0-win32-x64\jre\21.0.10-win32-x86_64\bin\jimage.dll
0x00007ffbff190000 - 0x00007ffbff374000 	C:\Windows\SYSTEM32\DBGHELP.DLL
0x00007ffbdb140000 - 0x00007ffbdb174000 	C:\Windows\SYSTEM32\dbgcore.DLL
0x00007ffc02420000 - 0x00007ffc024a2000 	C:\Windows\System32\bcryptPrimitives.dll
0x00007ffbf0980000 - 0x00007ffbf098f000 	c:\Users\SONY\.antigravity\extensions\redhat.java-1.54.0-win32-x64\jre\21.0.10-win32-x86_64\bin\instrument.dll
0x00007ffbedc10000 - 0x00007ffbedc30000 	c:\Users\SONY\.antigravity\extensions\redhat.java-1.54.0-win32-x64\jre\21.0.10-win32-x86_64\bin\java.dll
0x00007ffc032f0000 - 0x00007ffc03a35000 	C:\Windows\System32\SHELL32.dll
0x00007ffbffc70000 - 0x00007ffc0040b000 	C:\Windows\SYSTEM32\windows.storage.dll
0x00007ffc03c60000 - 0x00007ffc03fb4000 	C:\Windows\System32\combase.dll
0x00007ffc01570000 - 0x00007ffc0159d000 	C:\Windows\SYSTEM32\Wldp.dll
0x00007ffc025e0000 - 0x00007ffc0268d000 	C:\Windows\System32\SHCORE.dll
0x00007ffc041b0000 - 0x00007ffc04205000 	C:\Windows\System32\shlwapi.dll
0x00007ffc01b40000 - 0x00007ffc01b65000 	C:\Windows\SYSTEM32\profapi.dll
0x00007ffbebca0000 - 0x00007ffbebcb8000 	c:\Users\SONY\.antigravity\extensions\redhat.java-1.54.0-win32-x64\jre\21.0.10-win32-x86_64\bin\zip.dll
0x00007ffbef310000 - 0x00007ffbef320000 	C:\Users\SONY\.antigravity\extensions\redhat.java-1.54.0-win32-x64\jre\21.0.10-win32-x86_64\bin\net.dll
0x00007ffbfc4d0000 - 0x00007ffbfc5da000 	C:\Windows\SYSTEM32\WINHTTP.dll
0x00007ffc01350000 - 0x00007ffc013ba000 	C:\Windows\system32\mswsock.dll
0x00007ffbd2f90000 - 0x00007ffbd2fa6000 	C:\Users\SONY\.antigravity\extensions\redhat.java-1.54.0-win32-x64\jre\21.0.10-win32-x86_64\bin\nio.dll
0x00007ffbeec30000 - 0x00007ffbeec40000 	c:\Users\SONY\.antigravity\extensions\redhat.java-1.54.0-win32-x64\jre\21.0.10-win32-x86_64\bin\verify.dll
0x00007ffbd2f40000 - 0x00007ffbd2f85000 	C:\Users\SONY\AppData\Roaming\Antigravity\User\globalStorage\redhat.java\1.54.0\config_ss_win\org.eclipse.equinox.launcher\org.eclipse.equinox.launcher.win32.win32.x86_64_1.3.0.v20260203-2149\eclipse_11919.dll
0x00007ffc02ff0000 - 0x00007ffc0311b000 	C:\Windows\System32\ole32.dll
0x00007ffc015b0000 - 0x00007ffc015c8000 	C:\Windows\SYSTEM32\CRYPTSP.dll
0x00007ffc00c30000 - 0x00007ffc00c64000 	C:\Windows\system32\rsaenh.dll
0x00007ffc02560000 - 0x00007ffc02587000 	C:\Windows\System32\bcrypt.dll
0x00007ffc01ac0000 - 0x00007ffc01aee000 	C:\Windows\SYSTEM32\USERENV.dll
0x00007ffc014e0000 - 0x00007ffc014ec000 	C:\Windows\SYSTEM32\CRYPTBASE.dll
0x00007ffc01010000 - 0x00007ffc0104b000 	C:\Windows\SYSTEM32\IPHLPAPI.DLL
0x00007ffc041a0000 - 0x00007ffc041a8000 	C:\Windows\System32\NSI.dll
0x00007ffbcd630000 - 0x00007ffbcd679000 	C:\Users\SONY\AppData\Local\Temp\jna-2551079\jna5991176440047191791.dll
0x00007ffc02fe0000 - 0x00007ffc02fe8000 	C:\Windows\System32\PSAPI.DLL
0x00007ffbfa5c0000 - 0x00007ffbfa5d7000 	C:\Windows\SYSTEM32\dhcpcsvc6.DLL
0x00007ffbf8700000 - 0x00007ffbf871d000 	C:\Windows\SYSTEM32\dhcpcsvc.DLL

JVMTI agents:
c:\Users\SONY\.antigravity\extensions\redhat.java-1.54.0-win32-x64\lombok\lombok-1.18.39-4050.jar path:c:\Users\SONY\.antigravity\extensions\redhat.java-1.54.0-win32-x64\jre\21.0.10-win32-x86_64\bin\instrument.dll, loaded, initialized, instrumentlib options:none

dbghelp: loaded successfully - version: 4.0.5 - missing functions: none
symbol engine: initialized successfully - sym options: 0x614 - pdb path: .;c:\Users\SONY\.antigravity\extensions\redhat.java-1.54.0-win32-x64\jre\21.0.10-win32-x86_64\bin;C:\Windows\SYSTEM32;C:\Windows\WinSxS\amd64_microsoft.windows.common-controls_6595b64144ccf1df_6.0.19041.3636_none_60b6a03d71f818d5;c:\Users\SONY\.antigravity\extensions\redhat.java-1.54.0-win32-x64\jre\21.0.10-win32-x86_64\bin\server;C:\Users\SONY\AppData\Roaming\Antigravity\User\globalStorage\redhat.java\1.54.0\config_ss_win\org.eclipse.equinox.launcher\org.eclipse.equinox.launcher.win32.win32.x86_64_1.3.0.v20260203-2149;C:\Users\SONY\AppData\Local\Temp\jna-2551079

VM Arguments:
jvm_args: --add-modules=ALL-SYSTEM --add-opens=java.base/java.util=ALL-UNNAMED --add-opens=java.base/java.lang=ALL-UNNAMED --add-opens=java.base/sun.nio.fs=ALL-UNNAMED -Declipse.application=org.eclipse.jdt.ls.core.id1 -Dosgi.bundles.defaultStartLevel=4 -Declipse.product=org.eclipse.jdt.ls.core.product -Djava.import.generatesMetadataFilesAtProjectRoot=false -DDetectVMInstallationsJob.disabled=true -Dfile.encoding=utf8 -XX:+UseParallelGC -XX:GCTimeRatio=4 -XX:AdaptiveSizePolicyWeight=90 -Dsun.zip.disableMemoryMapping=true -Xmx2G -Xms100m -Xlog:disable -javaagent:c:\Users\SONY\.antigravity\extensions\redhat.java-1.54.0-win32-x64\lombok\lombok-1.18.39-4050.jar 
java_command: c:\Users\SONY\.antigravity\extensions\redhat.java-1.54.0-win32-x64\server\plugins\org.eclipse.equinox.launcher_1.7.100.v20251111-0406.jar -configuration c:\Users\SONY\AppData\Roaming\Antigravity\User\globalStorage\redhat.java\1.54.0\config_ss_win -data c:\Users\SONY\AppData\Roaming\Antigravity\User\workspaceStorage\504018e4ad72da179048ecd447ee5100\redhat.java\ss_ws --pipe=\\.\pipe\lsp-e1d7a03e9747ee9638f65623f53f49db-sock
java_class_path (initial): c:\Users\SONY\.antigravity\extensions\redhat.java-1.54.0-win32-x64\server\plugins\org.eclipse.equinox.launcher_1.7.100.v20251111-0406.jar
Launcher Type: SUN_STANDARD

[Global flags]
    uintx AdaptiveSizePolicyWeight                 = 90                                        {product} {command line}
     intx CICompilerCount                          = 3                                         {product} {ergonomic}
    uintx GCTimeRatio                              = 4                                         {product} {command line}
   size_t InitialHeapSize                          = 104857600                                 {product} {command line}
   size_t MaxHeapSize                              = 2147483648                                {product} {command line}
   size_t MaxNewSize                               = 715653120                                 {product} {ergonomic}
   size_t MinHeapDeltaBytes                        = 524288                                    {product} {ergonomic}
   size_t MinHeapSize                              = 104857600                                 {product} {command line}
   size_t NewSize                                  = 34603008                                  {product} {ergonomic}
    uintx NonNMethodCodeHeapSize                   = 5832780                                {pd product} {ergonomic}
    uintx NonProfiledCodeHeapSize                  = 122912730                              {pd product} {ergonomic}
   size_t OldSize                                  = 70254592                                  {product} {ergonomic}
    uintx ProfiledCodeHeapSize                     = 122912730                              {pd product} {ergonomic}
    uintx ReservedCodeCacheSize                    = 251658240                              {pd product} {ergonomic}
     bool SegmentedCodeCache                       = true                                      {product} {ergonomic}
   size_t SoftMaxHeapSize                          = 2147483648                             {manageable} {ergonomic}
     bool UseCompressedOops                        = true                           {product lp64_product} {ergonomic}
     bool UseLargePagesIndividualAllocation        = false                                  {pd product} {ergonomic}
     bool UseParallelGC                            = true                                      {product} {command line}

Logging:
Log output configuration:
 #0: stdout all=off uptime,level,tags foldmultilines=false
 #1: stderr all=off uptime,level,tags foldmultilines=false

Release file:
JAVA_VERSION="21.0.10" 
MODULES="java.base java.compiler java.datatransfer java.xml java.prefs java.desktop java.instrument java.logging java.management java.security.sasl java.naming java.rmi java.management.rmi java.net.http java.scripting java.security.jgss java.transaction.xa java.sql java.sql.rowset java.xml.crypto java.se java.smartcardio jdk.accessibility jdk.internal.jvmstat jdk.attach jdk.charsets jdk.internal.opt jdk.zipfs jdk.compiler jdk.crypto.ec jdk.crypto.cryptoki jdk.crypto.mscapi jdk.dynalink jdk.internal.ed jdk.editpad jdk.hotspot.agent jdk.httpserver jdk.internal.le jdk.internal.vm.ci jdk.internal.vm.compiler jdk.internal.vm.compiler.management jdk.jartool jdk.javadoc jdk.jcmd jdk.management jdk.management.agent jdk.jconsole jdk.jdeps jdk.jdwp.agent jdk.jdi jdk.jfr jdk.jshell jdk.jsobject jdk.jstatd jdk.localedata jdk.management.jfr jdk.naming.dns jdk.naming.rmi jdk.net jdk.nio.mapmode jdk.random jdk.sctp jdk.security.auth jdk.security.jgss jdk.unsupported jdk.unsupported.desktop jdk.xml.dom" 

Environment Variables:
JAVA_HOME=C:\Program Files\Java\jdk-22
PATH=C:\Program Files\Java\jdk-22\bin;C:\Program Files\Eclipse Adoptium\jdk-25.0.2.10-hotspot\bin;E:\DB\WINDOWS.X64_213000_db_home\bin;C:\Program Files\Common Files\Oracle\Java\javapath;C:\Windows\system32;C:\Windows;C:\Windows\System32\Wbem;C:\Windows\System32\WindowsPowerShell\v1.0\;C:\Windows\System32\OpenSSH\;E:\JavaScript\;C:\Program Files\Java\jdk-22\bin;C:\Program Files\Git\cmd;C:\Program Files (x86)\Microsoft SQL Server\160\Tools\Binn\;C:\Program Files\Microsoft SQL Server\160\Tools\Binn\;C:\Program Files\Microsoft SQL Server\Client SDK\ODBC\170\Tools\Binn\;C:\Program Files\Microsoft SQL Server\160\DTS\Binn\;C:\Program Files\Docker\Docker\resources\bin;C:\hadoop\bin;C:\Apache\Maven\bin;C:\Users\SONY\AppData\Local\Microsoft\WindowsApps;C:\Users\SONY\AppData\Roaming\npm;E:\Microsoft VS Code\bin;winlibs-x86_64-posix-seh-gcc-12.1.0-mingw-w64msvcrt-10.0.0-r3.zip\mingw64\bin - ZIP archive, unpacked size 756,100,019 bytes;C:\msys64\ucrt64\bin;C:\Users\SONY\AppData\Local\Programs\MiKTeX\miktex\bin\x64\;C:\Users\SONY\AppData\Local\Programs\Antigravity\bin;E:\flutter\bin;
USERNAME=SONY
OS=Windows_NT
PROCESSOR_IDENTIFIER=Intel64 Family 6 Model 142 Stepping 9, GenuineIntel
TMP=C:\Users\SONY\AppData\Local\Temp
TEMP=C:\Users\SONY\AppData\Local\Temp




Periodic native trim disabled

---------------  S Y S T E M  ---------------

OS:
 Windows 10 , 64 bit Build 19041 (10.0.19041.3636)
OS uptime: 13 days 15:40 hours
Hyper-V role detected

CPU: total 4 (initial active 4) (2 cores per cpu, 2 threads per core) family 6 model 142 stepping 9 microcode 0xb4, cx8, cmov, fxsr, ht, mmx, 3dnowpref, sse, sse2, sse3, ssse3, sse4.1, sse4.2, popcnt, lzcnt, tsc, tscinvbit, avx, avx2, aes, erms, clmul, bmi1, bmi2, adx, fma, vzeroupper, clflush, clflushopt, hv, rdtscp, f16c
Processor Information for the first 4 processors :
  Max Mhz: 2712, Current Mhz: 2511, Mhz Limit: 2495

Memory: 4k page, system-wide physical 8088M (395M free)
TotalPageFile size 22279M (AvailPageFile size 3M)
current process WorkingSet (physical memory assigned to process): 250M, peak: 273M
current process commit charge ("private bytes"): 331M, peak: 355M

vm_info: OpenJDK 64-Bit Server VM (21.0.10+7-LTS) for windows-amd64 JRE (21.0.10+7-LTS), built on 2026-01-20T00:00:00Z by "admin" with MS VC++ 17.12 (VS2022)

END.
