#
# There is insufficient memory for the Java Runtime Environment to continue.
# Native memory allocation (malloc) failed to allocate 1048576 bytes. Error detail: AllocateHeap
# Possible reasons:
#   The system is out of physical RAM or swap space
#   This process is running with CompressedOops enabled, and the Java Heap may be blocking the growth of the native heap
# Possible solutions:
#   Reduce memory load on the system
#   Increase physical memory or swap space
#   Check if swap backing store is full
#   Decrease Java heap size (-Xmx/-Xms)
#   Decrease number of Java threads
#   Decrease Java thread stack sizes (-Xss)
#   Set larger code cache with -XX:ReservedCodeCacheSize=
#   JVM is running with Unscaled Compressed Oops mode in which the Java heap is
#     placed in the first 4GB address space. The Java Heap base address is the
#     maximum limit for the native heap growth. Please use -XX:HeapBaseMinAddress
#     to set the Java Heap base and to place the Java Heap above 4GB virtual address.
# This output file may be truncated or incomplete.
#
#  Out of Memory Error (allocation.cpp:44), pid=6004, tid=616
#
# JRE version: OpenJDK Runtime Environment Temurin-21.0.10+7 (21.0.10+7) (build 21.0.10+7-LTS)
# Java VM: OpenJDK 64-Bit Server VM Temurin-21.0.10+7 (21.0.10+7-LTS, mixed mode, sharing, tiered, compressed oops, compressed class ptrs, parallel gc, windows-amd64)
# No core dump will be written. Minidumps are not enabled by default on client versions of Windows
#

---------------  S U M M A R Y ------------

Command Line: --add-modules=ALL-SYSTEM --add-opens=java.base/java.util=ALL-UNNAMED --add-opens=java.base/java.lang=ALL-UNNAMED --add-opens=java.base/sun.nio.fs=ALL-UNNAMED -Declipse.application=org.eclipse.jdt.ls.core.id1 -Dosgi.bundles.defaultStartLevel=4 -Declipse.product=org.eclipse.jdt.ls.core.product -Djava.import.generatesMetadataFilesAtProjectRoot=false -DDetectVMInstallationsJob.disabled=true -Dfile.encoding=utf8 -XX:+UseParallelGC -XX:GCTimeRatio=4 -XX:AdaptiveSizePolicyWeight=90 -Dsun.zip.disableMemoryMapping=true -Xmx2G -Xms100m -Xlog:disable -javaagent:c:\Users\SONY\.antigravity\extensions\redhat.java-1.54.0-win32-x64\lombok\lombok-1.18.39-4050.jar -XX:+HeapDumpOnOutOfMemoryError -XX:HeapDumpPath=c:\Users\SONY\AppData\Roaming\Antigravity\User\workspaceStorage\504018e4ad72da179048ecd447ee5100\redhat.java -Daether.dependencyCollector.impl=bf c:\Users\SONY\.antigravity\extensions\redhat.java-1.54.0-win32-x64\server\plugins\org.eclipse.equinox.launcher_1.7.100.v20251111-0406.jar -configuration c:\Users\SONY\AppData\Roaming\Antigravity\User\globalStorage\redhat.java\1.54.0\config_win -data c:\Users\SONY\AppData\Roaming\Antigravity\User\workspaceStorage\504018e4ad72da179048ecd447ee5100\redhat.java\jdt_ws --pipe=\\.\pipe\lsp-77e299b30bd73da7d69d16a2eac423b7-sock

Host: Intel(R) Core(TM) i5-7200U CPU @ 2.50GHz, 4 cores, 7G,  Windows 10 , 64 bit Build 19041 (10.0.19041.3636)
Time: Wed May 13 11:49:02 2026 SE Asia Standard Time elapsed time: 545.643417 seconds (0d 0h 9m 5s)

---------------  T H R E A D  ---------------

Current thread (0x0000025d586c8d80):  JavaThread "Attach Listener" daemon [_thread_in_vm, id=616, stack(0x0000006a84d00000,0x0000006a84e00000) (1024K)]

Stack: [0x0000006a84d00000,0x0000006a84e00000]
Native frames: (J=compiled Java code, j=interpreted, Vv=VM code, C=native code)
V  [jvm.dll+0x6d7a39]
V  [jvm.dll+0x8b4b26]
V  [jvm.dll+0x8b70de]
V  [jvm.dll+0x8b77c3]
V  [jvm.dll+0x284346]
V  [jvm.dll+0xc1277]
V  [jvm.dll+0x6d82e9]
V  [jvm.dll+0x1334a6]
V  [jvm.dll+0x3f857e]
V  [jvm.dll+0x85f59d]
V  [jvm.dll+0x6d626d]
C  [ucrtbase.dll+0x21bb2]
C  [KERNEL32.DLL+0x17344]
C  [ntdll.dll+0x526b1]


---------------  P R O C E S S  ---------------

Threads class SMR info:
_java_thread_list=0x0000025d78b9bfe0, length=31, elements={
0x0000025d587d62b0, 0x0000025d586c2e50, 0x0000025d586c4460, 0x0000025d586c5f50,
0x0000025d586c8d80, 0x0000025d586ca950, 0x0000025d586cb3b0, 0x0000025d586cc1f0,
0x0000025d587403e0, 0x0000025d741169a0, 0x0000025d7427e550, 0x0000025d74a27da0,
0x0000025d747b01f0, 0x0000025d749f9920, 0x0000025d74299010, 0x0000025d74c688a0,
0x0000025d75639010, 0x0000025d747a7390, 0x0000025d748db730, 0x0000025d748dcae0,
0x0000025d748dbdc0, 0x0000025d748de520, 0x0000025d76481200, 0x0000025d7647d6f0,
0x0000025d7647eaa0, 0x0000025d7647dd80, 0x0000025d7647d060, 0x0000025d76481890,
0x0000025d7647b620, 0x0000025d79baae80, 0x0000025d79ba7370
}

Java Threads: ( => current thread )
  0x0000025d587d62b0 JavaThread "main"                              [_thread_blocked, id=15508, stack(0x0000006a84600000,0x0000006a84700000) (1024K)]
  0x0000025d586c2e50 JavaThread "Reference Handler"          daemon [_thread_blocked, id=17864, stack(0x0000006a84a00000,0x0000006a84b00000) (1024K)]
  0x0000025d586c4460 JavaThread "Finalizer"                  daemon [_thread_blocked, id=15008, stack(0x0000006a84b00000,0x0000006a84c00000) (1024K)]
  0x0000025d586c5f50 JavaThread "Signal Dispatcher"          daemon [_thread_blocked, id=5996, stack(0x0000006a84c00000,0x0000006a84d00000) (1024K)]
=>0x0000025d586c8d80 JavaThread "Attach Listener"            daemon [_thread_in_vm, id=616, stack(0x0000006a84d00000,0x0000006a84e00000) (1024K)]
  0x0000025d586ca950 JavaThread "Service Thread"             daemon [_thread_blocked, id=13684, stack(0x0000006a84e00000,0x0000006a84f00000) (1024K)]
  0x0000025d586cb3b0 JavaThread "Monitor Deflation Thread"   daemon [_thread_blocked, id=1316, stack(0x0000006a84f00000,0x0000006a85000000) (1024K)]
  0x0000025d586cc1f0 JavaThread "C2 CompilerThread0"         daemon [_thread_blocked, id=17728, stack(0x0000006a85000000,0x0000006a85100000) (1024K)]
  0x0000025d587403e0 JavaThread "C1 CompilerThread0"         daemon [_thread_blocked, id=18740, stack(0x0000006a85100000,0x0000006a85200000) (1024K)]
  0x0000025d741169a0 JavaThread "Common-Cleaner"             daemon [_thread_blocked, id=19640, stack(0x0000006a85200000,0x0000006a85300000) (1024K)]
  0x0000025d7427e550 JavaThread "Notification Thread"        daemon [_thread_blocked, id=12196, stack(0x0000006a85400000,0x0000006a85500000) (1024K)]
  0x0000025d74a27da0 JavaThread "Active Thread: Equinox Container: 71b2b8d9-6192-4782-8fe2-88a5b68ee567"        [_thread_blocked, id=21100, stack(0x0000006a85700000,0x0000006a85800000) (1024K)]
  0x0000025d747b01f0 JavaThread "Refresh Thread: Equinox Container: 71b2b8d9-6192-4782-8fe2-88a5b68ee567" daemon [_thread_blocked, id=17332, stack(0x0000006a85800000,0x0000006a85900000) (1024K)]
  0x0000025d749f9920 JavaThread "Framework Event Dispatcher: Equinox Container: 71b2b8d9-6192-4782-8fe2-88a5b68ee567" daemon [_thread_blocked, id=20644, stack(0x0000006a85900000,0x0000006a85a00000) (1024K)]
  0x0000025d74299010 JavaThread "Start Level: Equinox Container: 71b2b8d9-6192-4782-8fe2-88a5b68ee567" daemon [_thread_blocked, id=19340, stack(0x0000006a85a00000,0x0000006a85b00000) (1024K)]
  0x0000025d74c688a0 JavaThread "Bundle File Closer"         daemon [_thread_blocked, id=20932, stack(0x0000006a85b00000,0x0000006a85c00000) (1024K)]
  0x0000025d75639010 JavaThread "SCR Component Actor"        daemon [_thread_blocked, id=7548, stack(0x0000006a85c00000,0x0000006a85d00000) (1024K)]
  0x0000025d747a7390 JavaThread "Worker-JM"                         [_thread_blocked, id=14100, stack(0x0000006a85e00000,0x0000006a85f00000) (1024K)]
  0x0000025d748db730 JavaThread "JNA Cleaner"                daemon [_thread_blocked, id=13848, stack(0x0000006a85d00000,0x0000006a85e00000) (1024K)]
  0x0000025d748dcae0 JavaThread "Worker-0"                          [_thread_blocked, id=628, stack(0x0000006a86000000,0x0000006a86100000) (1024K)]
  0x0000025d748dbdc0 JavaThread "Java indexing"              daemon [_thread_blocked, id=14452, stack(0x0000006a86300000,0x0000006a86400000) (1024K)]
  0x0000025d748de520 JavaThread "Thread-1"                   daemon [_thread_in_native, id=14592, stack(0x0000006a86800000,0x0000006a86900000) (1024K)]
  0x0000025d76481200 JavaThread "Thread-2"                   daemon [_thread_in_native, id=5008, stack(0x0000006a86900000,0x0000006a86a00000) (1024K)]
  0x0000025d7647d6f0 JavaThread "Thread-3"                   daemon [_thread_in_native, id=11036, stack(0x0000006a86a00000,0x0000006a86b00000) (1024K)]
  0x0000025d7647eaa0 JavaThread "Thread-4"                   daemon [_thread_in_native, id=14980, stack(0x0000006a86b00000,0x0000006a86c00000) (1024K)]
  0x0000025d7647dd80 JavaThread "Thread-5"                   daemon [_thread_in_native, id=21344, stack(0x0000006a86c00000,0x0000006a86d00000) (1024K)]
  0x0000025d7647d060 JavaThread "pool-2-thread-1"                   [_thread_blocked, id=21328, stack(0x0000006a86d00000,0x0000006a86e00000) (1024K)]
  0x0000025d76481890 JavaThread "WorkspaceEventsHandler"            [_thread_blocked, id=14076, stack(0x0000006a87100000,0x0000006a87200000) (1024K)]
  0x0000025d7647b620 JavaThread "pool-1-thread-1"                   [_thread_blocked, id=17388, stack(0x0000006a87200000,0x0000006a87300000) (1024K)]
  0x0000025d79baae80 JavaThread "Cleaner-0"                  daemon [_thread_blocked, id=6612, stack(0x0000006a87f00000,0x0000006a88000000) (1024K)]
  0x0000025d79ba7370 JavaThread "Worker-8"                          [_thread_blocked, id=5372, stack(0x0000006a84500000,0x0000006a84600000) (1024K)]
Total: 31

Other Threads:
  0x0000025d586aa600 VMThread "VM Thread"                           [id=6672, stack(0x0000006a84900000,0x0000006a84a00000) (1024K)]
  0x0000025d58621c40 WatcherThread "VM Periodic Task Thread"        [id=2680, stack(0x0000006a84800000,0x0000006a84900000) (1024K)]
  0x0000025d587f5440 WorkerThread "GC Thread#0"                     [id=10608, stack(0x0000006a84700000,0x0000006a84800000) (1024K)]
  0x0000025d74539380 WorkerThread "GC Thread#1"                     [id=15696, stack(0x0000006a85300000,0x0000006a85400000) (1024K)]
  0x0000025d745d1480 WorkerThread "GC Thread#2"                     [id=5560, stack(0x0000006a85500000,0x0000006a85600000) (1024K)]
  0x0000025d745d1830 WorkerThread "GC Thread#3"                     [id=15876, stack(0x0000006a85600000,0x0000006a85700000) (1024K)]
Total: 6

Threads with active compile tasks:
Total: 0

VM state: not at safepoint (normal execution)

VM Mutex/Monitor currently owned by a thread: None

Heap address: 0x0000000080000000, size: 2048 MB, Compressed Oops mode: 32-bit

CDS archive(s) mapped at: [0x0000025d00000000-0x0000025d00ba0000-0x0000025d00ba0000), size 12189696, SharedBaseAddress: 0x0000025d00000000, ArchiveRelocationMode: 1.
Compressed class space mapped at: 0x0000025d01000000-0x0000025d41000000, reserved size: 1073741824
Narrow klass base: 0x0000025d00000000, Narrow klass shift: 0, Narrow klass range: 0x100000000

GC Precious Log:
 CardTable entry size: 512
 CPUs: 4 total, 4 available
 Memory: 8088M
 Large Page Support: Disabled
 NUMA Support: Disabled
 Compressed Oops: Enabled (32-bit)
 Alignments: Space 512K, Generation 512K, Heap 2M
 Heap Min Capacity: 100M
 Heap Initial Capacity: 100M
 Heap Max Capacity: 2G
 Pre-touch: Disabled
 Parallel Workers: 4

Heap:
 PSYoungGen      total 2560K, used 2251K [0x00000000d5580000, 0x00000000d5b00000, 0x0000000100000000)
  eden space 1536K, 82% used [0x00000000d5580000,0x00000000d56baf30,0x00000000d5700000)
  from space 1024K, 96% used [0x00000000d5700000,0x00000000d57f8010,0x00000000d5800000)
  to   space 2048K, 0% used [0x00000000d5900000,0x00000000d5900000,0x00000000d5b00000)
 ParOldGen       total 206336K, used 206016K [0x0000000080000000, 0x000000008c980000, 0x00000000d5580000)
  object space 206336K, 99% used [0x0000000080000000,0x000000008c9300c0,0x000000008c980000)
 Metaspace       used 80301K, committed 82048K, reserved 1179648K
  class space    used 8108K, committed 8896K, reserved 1048576K

Card table byte_map: [0x0000025d58190000,0x0000025d585a0000] _byte_map_base: 0x0000025d57d90000

Marking Bits: (ParMarkBitMap*) 0x00007ffb9a0b3450
 Begin Bits: [0x0000025d6aca0000, 0x0000025d6cca0000)
 End Bits:   [0x0000025d6cca0000, 0x0000025d6eca0000)

Polling page: 0x0000025d566a0000

Metaspace:

Usage:
  Non-class:     70.50 MB used.
      Class:      7.92 MB used.
       Both:     78.42 MB used.

Virtual space:
  Non-class space:      128.00 MB reserved,      71.44 MB ( 56%) committed,  2 nodes.
      Class space:        1.00 GB reserved,       8.69 MB ( <1%) committed,  1 nodes.
             Both:        1.12 GB reserved,      80.12 MB (  7%) committed. 

Chunk freelists:
   Non-Class:  7.95 MB
       Class:  7.27 MB
        Both:  15.22 MB

MaxMetaspaceSize: unlimited
CompressedClassSpaceSize: 1.00 GB
Initial GC threshold: 21.00 MB
Current GC threshold: 124.19 MB
CDS: on
 - commit_granule_bytes: 65536.
 - commit_granule_words: 8192.
 - virtual_space_node_default_size: 8388608.
 - enlarge_chunks_in_place: 1.
 - use_allocation_guard: 0.


Internal statistics:

num_allocs_failed_limit: 9.
num_arena_births: 1564.
num_arena_deaths: 14.
num_vsnodes_births: 3.
num_vsnodes_deaths: 0.
num_space_committed: 1282.
num_space_uncommitted: 0.
num_chunks_returned_to_freelist: 23.
num_chunks_taken_from_freelist: 5436.
num_chunk_merges: 11.
num_chunk_splits: 3227.
num_chunks_enlarged: 1745.
num_inconsistent_stats: 0.

CodeHeap 'non-profiled nmethods': size=120000Kb used=16060Kb max_used=16060Kb free=103940Kb
 bounds [0x0000025d634c0000, 0x0000025d64470000, 0x0000025d6a9f0000]
CodeHeap 'profiled nmethods': size=120000Kb used=42705Kb max_used=42705Kb free=77294Kb
 bounds [0x0000025d5b9f0000, 0x0000025d5e3b0000, 0x0000025d62f20000]
CodeHeap 'non-nmethods': size=5760Kb used=1511Kb max_used=1648Kb free=4248Kb
 bounds [0x0000025d62f20000, 0x0000025d63190000, 0x0000025d634c0000]
CodeCache: size=245760Kb, used=60276Kb, max_used=60413Kb, free=185482Kb
 total_blobs=18079, nmethods=17249, adapters=731, full_count=0
Compilation: enabled, stopped_count=0, restarted_count=0

Compilation events (20 events):
Event: 448.952 Thread 0x0000025d587403e0 18816       3       org.eclipse.jdt.internal.core.JavaElement::getHandleFromMemento (22 bytes)
Event: 448.953 Thread 0x0000025d587403e0 nmethod 18816 0x0000025d5e3a0d10 code [0x0000025d5e3a0ee0, 0x0000025d5e3a1210]
Event: 448.953 Thread 0x0000025d764e85e0 nmethod 18807 0x0000025d64467310 code [0x0000025d64467540, 0x0000025d64467a30]
Event: 448.953 Thread 0x0000025d764e85e0 18808   !   4       org.eclipse.jdt.core.dom.ClassInstanceCreation::getType (64 bytes)
Event: 448.953 Thread 0x0000025d587403e0 18818       3       org.eclipse.jdt.core.dom.TypeBinding::getJavaElement (95 bytes)
Event: 448.955 Thread 0x0000025d764e85e0 nmethod 18808 0x0000025d64468010 code [0x0000025d644681a0, 0x0000025d64468290]
Event: 448.955 Thread 0x0000025d587403e0 nmethod 18818 0x0000025d5e3a1390 code [0x0000025d5e3a1680, 0x0000025d5e3a25f0]
Event: 448.955 Thread 0x0000025d764e85e0 18817       4       org.eclipse.jdt.internal.compiler.parser.Scanner::scanIdentifier (450 bytes)
Event: 448.955 Thread 0x0000025d587403e0 18819       3       org.eclipse.jdt.core.dom.TypeBinding::getUnresolvedJavaElement (9 bytes)
Event: 448.956 Thread 0x0000025d587403e0 nmethod 18819 0x0000025d5e3a2b10 code [0x0000025d5e3a2cc0, 0x0000025d5e3a2e00]
Event: 448.956 Thread 0x0000025d587403e0 18820   !   3       org.eclipse.jdt.internal.core.PackageFragmentRoot::getSourceMapper (67 bytes)
Event: 448.956 Thread 0x0000025d587403e0 nmethod 18820 0x0000025d5e3a2e90 code [0x0000025d5e3a30e0, 0x0000025d5e3a3bf8]
Event: 448.964 Thread 0x0000025d764e85e0 nmethod 18817 0x0000025d64468390 code [0x0000025d64468560, 0x0000025d644688d8]
Event: 448.964 Thread 0x0000025d764e85e0 18811       4       org.eclipse.jdt.internal.corext.dom.GenericVisitor::endVisit (6 bytes)
Event: 448.965 Thread 0x0000025d764e85e0 nmethod 18811 0x0000025d64468c10 code [0x0000025d64468da0, 0x0000025d64468e28]
Event: 448.965 Thread 0x0000025d764e85e0 18813       4       org.eclipse.jdt.core.dom.BooleanLiteral::accept0 (12 bytes)
Event: 448.965 Thread 0x0000025d764e85e0 nmethod 18813 0x0000025d64468f10 code [0x0000025d644690a0, 0x0000025d64469180]
Event: 449.057 Thread 0x0000025d586cc1f0 nmethod 18775 0x0000025d64469290 code [0x0000025d644695e0, 0x0000025d6446d888]
Event: 469.992 Thread 0x0000025d587403e0 18821       3       java.util.concurrent.locks.ReentrantLock$NonfairSync::tryAcquire (27 bytes)
Event: 469.992 Thread 0x0000025d587403e0 nmethod 18821 0x0000025d5e3a3f90 code [0x0000025d5e3a4140, 0x0000025d5e3a4388]

GC Heap History (20 events):
Event: 448.099 GC heap before
{Heap before GC invocations=488 (full 4):
 PSYoungGen      total 2560K, used 2208K [0x00000000d5580000, 0x00000000d5900000, 0x0000000100000000)
  eden space 1536K, 100% used [0x00000000d5580000,0x00000000d5700000,0x00000000d5700000)
  from space 1024K, 65% used [0x00000000d5700000,0x00000000d57a8000,0x00000000d5800000)
  to   space 1024K, 0% used [0x00000000d5800000,0x00000000d5800000,0x00000000d5900000)
 ParOldGen       total 200704K, used 200624K [0x0000000080000000, 0x000000008c400000, 0x00000000d5580000)
  object space 200704K, 99% used [0x0000000080000000,0x000000008c3ec100,0x000000008c400000)
 Metaspace       used 80262K, committed 81984K, reserved 1179648K
  class space    used 8104K, committed 8896K, reserved 1048576K
}
Event: 448.102 GC heap after
{Heap after GC invocations=488 (full 4):
 PSYoungGen      total 2560K, used 768K [0x00000000d5580000, 0x00000000d5900000, 0x0000000100000000)
  eden space 1536K, 0% used [0x00000000d5580000,0x00000000d5580000,0x00000000d5700000)
  from space 1024K, 75% used [0x00000000d5800000,0x00000000d58c0000,0x00000000d5900000)
  to   space 1024K, 0% used [0x00000000d5700000,0x00000000d5700000,0x00000000d5800000)
 ParOldGen       total 201216K, used 201160K [0x0000000080000000, 0x000000008c480000, 0x00000000d5580000)
  object space 201216K, 99% used [0x0000000080000000,0x000000008c472110,0x000000008c480000)
 Metaspace       used 80262K, committed 81984K, reserved 1179648K
  class space    used 8104K, committed 8896K, reserved 1048576K
}
Event: 448.143 GC heap before
{Heap before GC invocations=489 (full 4):
 PSYoungGen      total 2560K, used 2304K [0x00000000d5580000, 0x00000000d5900000, 0x0000000100000000)
  eden space 1536K, 100% used [0x00000000d5580000,0x00000000d5700000,0x00000000d5700000)
  from space 1024K, 75% used [0x00000000d5800000,0x00000000d58c0000,0x00000000d5900000)
  to   space 1024K, 0% used [0x00000000d5700000,0x00000000d5700000,0x00000000d5800000)
 ParOldGen       total 201216K, used 201160K [0x0000000080000000, 0x000000008c480000, 0x00000000d5580000)
  object space 201216K, 99% used [0x0000000080000000,0x000000008c472110,0x000000008c480000)
 Metaspace       used 80264K, committed 81984K, reserved 1179648K
  class space    used 8104K, committed 8896K, reserved 1048576K
}
Event: 448.147 GC heap after
{Heap after GC invocations=489 (full 4):
 PSYoungGen      total 2560K, used 768K [0x00000000d5580000, 0x00000000d5900000, 0x0000000100000000)
  eden space 1536K, 0% used [0x00000000d5580000,0x00000000d5580000,0x00000000d5700000)
  from space 1024K, 75% used [0x00000000d5700000,0x00000000d57c0010,0x00000000d5800000)
  to   space 1024K, 0% used [0x00000000d5800000,0x00000000d5800000,0x00000000d5900000)
 ParOldGen       total 202240K, used 201815K [0x0000000080000000, 0x000000008c580000, 0x00000000d5580000)
  object space 202240K, 99% used [0x0000000080000000,0x000000008c515cf0,0x000000008c580000)
 Metaspace       used 80264K, committed 81984K, reserved 1179648K
  class space    used 8104K, committed 8896K, reserved 1048576K
}
Event: 448.582 GC heap before
{Heap before GC invocations=490 (full 4):
 PSYoungGen      total 2560K, used 2304K [0x00000000d5580000, 0x00000000d5900000, 0x0000000100000000)
  eden space 1536K, 100% used [0x00000000d5580000,0x00000000d5700000,0x00000000d5700000)
  from space 1024K, 75% used [0x00000000d5700000,0x00000000d57c0010,0x00000000d5800000)
  to   space 1024K, 0% used [0x00000000d5800000,0x00000000d5800000,0x00000000d5900000)
 ParOldGen       total 202240K, used 201815K [0x0000000080000000, 0x000000008c580000, 0x00000000d5580000)
  object space 202240K, 99% used [0x0000000080000000,0x000000008c515cf0,0x000000008c580000)
 Metaspace       used 80285K, committed 82048K, reserved 1179648K
  class space    used 8108K, committed 8896K, reserved 1048576K
}
Event: 448.588 GC heap after
{Heap after GC invocations=490 (full 4):
 PSYoungGen      total 2048K, used 301K [0x00000000d5580000, 0x00000000d5880000, 0x0000000100000000)
  eden space 1536K, 0% used [0x00000000d5580000,0x00000000d5580000,0x00000000d5700000)
  from space 512K, 58% used [0x00000000d5800000,0x00000000d584b7d0,0x00000000d5880000)
  to   space 512K, 0% used [0x00000000d5780000,0x00000000d5780000,0x00000000d5800000)
 ParOldGen       total 202752K, used 202571K [0x0000000080000000, 0x000000008c600000, 0x00000000d5580000)
  object space 202752K, 99% used [0x0000000080000000,0x000000008c5d2fa0,0x000000008c600000)
 Metaspace       used 80285K, committed 82048K, reserved 1179648K
  class space    used 8108K, committed 8896K, reserved 1048576K
}
Event: 448.595 GC heap before
{Heap before GC invocations=491 (full 4):
 PSYoungGen      total 2048K, used 1837K [0x00000000d5580000, 0x00000000d5880000, 0x0000000100000000)
  eden space 1536K, 100% used [0x00000000d5580000,0x00000000d5700000,0x00000000d5700000)
  from space 512K, 58% used [0x00000000d5800000,0x00000000d584b7d0,0x00000000d5880000)
  to   space 512K, 0% used [0x00000000d5780000,0x00000000d5780000,0x00000000d5800000)
 ParOldGen       total 202752K, used 202571K [0x0000000080000000, 0x000000008c600000, 0x00000000d5580000)
  object space 202752K, 99% used [0x0000000080000000,0x000000008c5d2fa0,0x000000008c600000)
 Metaspace       used 80285K, committed 82048K, reserved 1179648K
  class space    used 8108K, committed 8896K, reserved 1048576K
}
Event: 448.597 GC heap after
{Heap after GC invocations=491 (full 4):
 PSYoungGen      total 2048K, used 512K [0x00000000d5580000, 0x00000000d5900000, 0x0000000100000000)
  eden space 1536K, 0% used [0x00000000d5580000,0x00000000d5580000,0x00000000d5700000)
  from space 512K, 100% used [0x00000000d5780000,0x00000000d5800000,0x00000000d5800000)
  to   space 1024K, 0% used [0x00000000d5800000,0x00000000d5800000,0x00000000d5900000)
 ParOldGen       total 203264K, used 202792K [0x0000000080000000, 0x000000008c680000, 0x00000000d5580000)
  object space 203264K, 99% used [0x0000000080000000,0x000000008c60a080,0x000000008c680000)
 Metaspace       used 80285K, committed 82048K, reserved 1179648K
  class space    used 8108K, committed 8896K, reserved 1048576K
}
Event: 448.607 GC heap before
{Heap before GC invocations=492 (full 4):
 PSYoungGen      total 2048K, used 2048K [0x00000000d5580000, 0x00000000d5900000, 0x0000000100000000)
  eden space 1536K, 100% used [0x00000000d5580000,0x00000000d5700000,0x00000000d5700000)
  from space 512K, 100% used [0x00000000d5780000,0x00000000d5800000,0x00000000d5800000)
  to   space 1024K, 0% used [0x00000000d5800000,0x00000000d5800000,0x00000000d5900000)
 ParOldGen       total 203264K, used 202792K [0x0000000080000000, 0x000000008c680000, 0x00000000d5580000)
  object space 203264K, 99% used [0x0000000080000000,0x000000008c60a080,0x000000008c680000)
 Metaspace       used 80285K, committed 82048K, reserved 1179648K
  class space    used 8108K, committed 8896K, reserved 1048576K
}
Event: 448.610 GC heap after
{Heap after GC invocations=492 (full 4):
 PSYoungGen      total 2560K, used 832K [0x00000000d5580000, 0x00000000d5900000, 0x0000000100000000)
  eden space 1536K, 0% used [0x00000000d5580000,0x00000000d5580000,0x00000000d5700000)
  from space 1024K, 81% used [0x00000000d5800000,0x00000000d58d0020,0x00000000d5900000)
  to   space 1024K, 0% used [0x00000000d5700000,0x00000000d5700000,0x00000000d5800000)
 ParOldGen       total 203776K, used 203288K [0x0000000080000000, 0x000000008c700000, 0x00000000d5580000)
  object space 203776K, 99% used [0x0000000080000000,0x000000008c686090,0x000000008c700000)
 Metaspace       used 80285K, committed 82048K, reserved 1179648K
  class space    used 8108K, committed 8896K, reserved 1048576K
}
Event: 448.625 GC heap before
{Heap before GC invocations=493 (full 4):
 PSYoungGen      total 2560K, used 2368K [0x00000000d5580000, 0x00000000d5900000, 0x0000000100000000)
  eden space 1536K, 100% used [0x00000000d5580000,0x00000000d5700000,0x00000000d5700000)
  from space 1024K, 81% used [0x00000000d5800000,0x00000000d58d0020,0x00000000d5900000)
  to   space 1024K, 0% used [0x00000000d5700000,0x00000000d5700000,0x00000000d5800000)
 ParOldGen       total 203776K, used 203288K [0x0000000080000000, 0x000000008c700000, 0x00000000d5580000)
  object space 203776K, 99% used [0x0000000080000000,0x000000008c686090,0x000000008c700000)
 Metaspace       used 80285K, committed 82048K, reserved 1179648K
  class space    used 8108K, committed 8896K, reserved 1048576K
}
Event: 448.628 GC heap after
{Heap after GC invocations=493 (full 4):
 PSYoungGen      total 2560K, used 640K [0x00000000d5580000, 0x00000000d5900000, 0x0000000100000000)
  eden space 1536K, 0% used [0x00000000d5580000,0x00000000d5580000,0x00000000d5700000)
  from space 1024K, 62% used [0x00000000d5700000,0x00000000d57a0000,0x00000000d5800000)
  to   space 1024K, 0% used [0x00000000d5800000,0x00000000d5800000,0x00000000d5900000)
 ParOldGen       total 204288K, used 203952K [0x0000000080000000, 0x000000008c780000, 0x00000000d5580000)
  object space 204288K, 99% used [0x0000000080000000,0x000000008c72c0b0,0x000000008c780000)
 Metaspace       used 80285K, committed 82048K, reserved 1179648K
  class space    used 8108K, committed 8896K, reserved 1048576K
}
Event: 448.708 GC heap before
{Heap before GC invocations=494 (full 4):
 PSYoungGen      total 2560K, used 2176K [0x00000000d5580000, 0x00000000d5900000, 0x0000000100000000)
  eden space 1536K, 100% used [0x00000000d5580000,0x00000000d5700000,0x00000000d5700000)
  from space 1024K, 62% used [0x00000000d5700000,0x00000000d57a0000,0x00000000d5800000)
  to   space 1024K, 0% used [0x00000000d5800000,0x00000000d5800000,0x00000000d5900000)
 ParOldGen       total 204288K, used 203952K [0x0000000080000000, 0x000000008c780000, 0x00000000d5580000)
  object space 204288K, 99% used [0x0000000080000000,0x000000008c72c0b0,0x000000008c780000)
 Metaspace       used 80285K, committed 82048K, reserved 1179648K
  class space    used 8108K, committed 8896K, reserved 1048576K
}
Event: 448.711 GC heap after
{Heap after GC invocations=494 (full 4):
 PSYoungGen      total 2560K, used 512K [0x00000000d5580000, 0x00000000d5900000, 0x0000000100000000)
  eden space 1536K, 0% used [0x00000000d5580000,0x00000000d5580000,0x00000000d5700000)
  from space 1024K, 50% used [0x00000000d5800000,0x00000000d5880000,0x00000000d5900000)
  to   space 1024K, 0% used [0x00000000d5700000,0x00000000d5700000,0x00000000d5800000)
 ParOldGen       total 204800K, used 204524K [0x0000000080000000, 0x000000008c800000, 0x00000000d5580000)
  object space 204800K, 99% used [0x0000000080000000,0x000000008c7bb0c0,0x000000008c800000)
 Metaspace       used 80285K, committed 82048K, reserved 1179648K
  class space    used 8108K, committed 8896K, reserved 1048576K
}
Event: 448.804 GC heap before
{Heap before GC invocations=495 (full 4):
 PSYoungGen      total 2560K, used 2047K [0x00000000d5580000, 0x00000000d5900000, 0x0000000100000000)
  eden space 1536K, 99% used [0x00000000d5580000,0x00000000d56ffff8,0x00000000d5700000)
  from space 1024K, 50% used [0x00000000d5800000,0x00000000d5880000,0x00000000d5900000)
  to   space 1024K, 0% used [0x00000000d5700000,0x00000000d5700000,0x00000000d5800000)
 ParOldGen       total 204800K, used 204524K [0x0000000080000000, 0x000000008c800000, 0x00000000d5580000)
  object space 204800K, 99% used [0x0000000080000000,0x000000008c7bb0c0,0x000000008c800000)
 Metaspace       used 80287K, committed 82048K, reserved 1179648K
  class space    used 8108K, committed 8896K, reserved 1048576K
}
Event: 448.807 GC heap after
{Heap after GC invocations=495 (full 4):
 PSYoungGen      total 2560K, used 576K [0x00000000d5580000, 0x00000000d5900000, 0x0000000100000000)
  eden space 1536K, 0% used [0x00000000d5580000,0x00000000d5580000,0x00000000d5700000)
  from space 1024K, 56% used [0x00000000d5700000,0x00000000d5790000,0x00000000d5800000)
  to   space 1024K, 0% used [0x00000000d5800000,0x00000000d5800000,0x00000000d5900000)
 ParOldGen       total 205312K, used 204948K [0x0000000080000000, 0x000000008c880000, 0x00000000d5580000)
  object space 205312K, 99% used [0x0000000080000000,0x000000008c8250c0,0x000000008c880000)
 Metaspace       used 80287K, committed 82048K, reserved 1179648K
  class space    used 8108K, committed 8896K, reserved 1048576K
}
Event: 448.827 GC heap before
{Heap before GC invocations=496 (full 4):
 PSYoungGen      total 2560K, used 2107K [0x00000000d5580000, 0x00000000d5900000, 0x0000000100000000)
  eden space 1536K, 99% used [0x00000000d5580000,0x00000000d56fed08,0x00000000d5700000)
  from space 1024K, 56% used [0x00000000d5700000,0x00000000d5790000,0x00000000d5800000)
  to   space 1024K, 0% used [0x00000000d5800000,0x00000000d5800000,0x00000000d5900000)
 ParOldGen       total 205312K, used 204948K [0x0000000080000000, 0x000000008c880000, 0x00000000d5580000)
  object space 205312K, 99% used [0x0000000080000000,0x000000008c8250c0,0x000000008c880000)
 Metaspace       used 80290K, committed 82048K, reserved 1179648K
  class space    used 8108K, committed 8896K, reserved 1048576K
}
Event: 448.829 GC heap after
{Heap after GC invocations=496 (full 4):
 PSYoungGen      total 2560K, used 576K [0x00000000d5580000, 0x00000000d5900000, 0x0000000100000000)
  eden space 1536K, 0% used [0x00000000d5580000,0x00000000d5580000,0x00000000d5700000)
  from space 1024K, 56% used [0x00000000d5800000,0x00000000d5890000,0x00000000d5900000)
  to   space 1024K, 0% used [0x00000000d5700000,0x00000000d5700000,0x00000000d5800000)
 ParOldGen       total 205824K, used 205452K [0x0000000080000000, 0x000000008c900000, 0x00000000d5580000)
  object space 205824K, 99% used [0x0000000080000000,0x000000008c8a30d0,0x000000008c900000)
 Metaspace       used 80290K, committed 82048K, reserved 1179648K
  class space    used 8108K, committed 8896K, reserved 1048576K
}
Event: 448.931 GC heap before
{Heap before GC invocations=497 (full 4):
 PSYoungGen      total 2560K, used 2112K [0x00000000d5580000, 0x00000000d5900000, 0x0000000100000000)
  eden space 1536K, 100% used [0x00000000d5580000,0x00000000d5700000,0x00000000d5700000)
  from space 1024K, 56% used [0x00000000d5800000,0x00000000d5890000,0x00000000d5900000)
  to   space 1024K, 0% used [0x00000000d5700000,0x00000000d5700000,0x00000000d5800000)
 ParOldGen       total 205824K, used 205452K [0x0000000080000000, 0x000000008c900000, 0x00000000d5580000)
  object space 205824K, 99% used [0x0000000080000000,0x000000008c8a30d0,0x000000008c900000)
 Metaspace       used 80292K, committed 82048K, reserved 1179648K
  class space    used 8108K, committed 8896K, reserved 1048576K
}
Event: 448.936 GC heap after
{Heap after GC invocations=497 (full 4):
 PSYoungGen      total 2560K, used 992K [0x00000000d5580000, 0x00000000d5b00000, 0x0000000100000000)
  eden space 1536K, 0% used [0x00000000d5580000,0x00000000d5580000,0x00000000d5700000)
  from space 1024K, 96% used [0x00000000d5700000,0x00000000d57f8010,0x00000000d5800000)
  to   space 2048K, 0% used [0x00000000d5900000,0x00000000d5900000,0x00000000d5b00000)
 ParOldGen       total 206336K, used 206016K [0x0000000080000000, 0x000000008c980000, 0x00000000d5580000)
  object space 206336K, 99% used [0x0000000080000000,0x000000008c9300c0,0x000000008c980000)
 Metaspace       used 80292K, committed 82048K, reserved 1179648K
  class space    used 8108K, committed 8896K, reserved 1048576K
}

Dll operation events (12 events):
Event: 0.181 Loaded shared library c:\Users\SONY\.antigravity\extensions\redhat.java-1.54.0-win32-x64\jre\21.0.10-win32-x86_64\bin\java.dll
Event: 0.957 Loaded shared library c:\Users\SONY\.antigravity\extensions\redhat.java-1.54.0-win32-x64\jre\21.0.10-win32-x86_64\bin\zip.dll
Event: 1.040 Loaded shared library C:\Users\SONY\.antigravity\extensions\redhat.java-1.54.0-win32-x64\jre\21.0.10-win32-x86_64\bin\instrument.dll
Event: 1.048 Loaded shared library C:\Users\SONY\.antigravity\extensions\redhat.java-1.54.0-win32-x64\jre\21.0.10-win32-x86_64\bin\net.dll
Event: 1.050 Loaded shared library C:\Users\SONY\.antigravity\extensions\redhat.java-1.54.0-win32-x64\jre\21.0.10-win32-x86_64\bin\nio.dll
Event: 1.084 Loaded shared library C:\Users\SONY\.antigravity\extensions\redhat.java-1.54.0-win32-x64\jre\21.0.10-win32-x86_64\bin\zip.dll
Event: 1.117 Loaded shared library C:\Users\SONY\.antigravity\extensions\redhat.java-1.54.0-win32-x64\jre\21.0.10-win32-x86_64\bin\jimage.dll
Event: 1.427 Loaded shared library c:\Users\SONY\.antigravity\extensions\redhat.java-1.54.0-win32-x64\jre\21.0.10-win32-x86_64\bin\verify.dll
Event: 13.031 Loaded shared library C:\Users\SONY\AppData\Roaming\Antigravity\User\globalStorage\redhat.java\1.54.0\config_win\org.eclipse.equinox.launcher\org.eclipse.equinox.launcher.win32.win32.x86_64_1.3.0.v20260203-2149\eclipse_11919.dll
Event: 53.459 Loaded shared library C:\Users\SONY\AppData\Local\Temp\jna-2551079\jna17527098687233906326.dll
Event: 59.079 Loaded shared library C:\Users\SONY\.antigravity\extensions\redhat.java-1.54.0-win32-x64\jre\21.0.10-win32-x86_64\bin\sunmscapi.dll
Event: 60.800 Loaded shared library C:\Users\SONY\.antigravity\extensions\redhat.java-1.54.0-win32-x64\jre\21.0.10-win32-x86_64\bin\extnet.dll

Deoptimization events (20 events):
Event: 448.690 Thread 0x0000025d79ba3ef0 DEOPT PACKING pc=0x0000025d6443edf8 sp=0x0000006a844fd7e0
Event: 448.690 Thread 0x0000025d79ba3ef0 DEOPT UNPACKING pc=0x0000025d62f73aa2 sp=0x0000006a844fd798 mode 2
Event: 448.692 Thread 0x0000025d79ba3ef0 Uncommon trap: trap_request=0xffffffbe fr.pc=0x0000025d6443edf8 relative=0x0000000000001eb8
Event: 448.692 Thread 0x0000025d79ba3ef0 Uncommon trap: reason=profile_predicate action=maybe_recompile pc=0x0000025d6443edf8 method=org.eclipse.jdt.internal.compiler.lookup.BinaryTypeBinding.getExactConstructor([Lorg/eclipse/jdt/internal/compiler/lookup/TypeBinding;)Lorg/eclipse/jdt/internal/co
Event: 448.692 Thread 0x0000025d79ba3ef0 DEOPT PACKING pc=0x0000025d6443edf8 sp=0x0000006a844fd7e0
Event: 448.692 Thread 0x0000025d79ba3ef0 DEOPT UNPACKING pc=0x0000025d62f73aa2 sp=0x0000006a844fd798 mode 2
Event: 448.693 Thread 0x0000025d79ba3ef0 Uncommon trap: trap_request=0xffffffbe fr.pc=0x0000025d6443edf8 relative=0x0000000000001eb8
Event: 448.693 Thread 0x0000025d79ba3ef0 Uncommon trap: reason=profile_predicate action=maybe_recompile pc=0x0000025d6443edf8 method=org.eclipse.jdt.internal.compiler.lookup.BinaryTypeBinding.getExactConstructor([Lorg/eclipse/jdt/internal/compiler/lookup/TypeBinding;)Lorg/eclipse/jdt/internal/co
Event: 448.693 Thread 0x0000025d79ba3ef0 DEOPT PACKING pc=0x0000025d6443edf8 sp=0x0000006a844fd650
Event: 448.693 Thread 0x0000025d79ba3ef0 DEOPT UNPACKING pc=0x0000025d62f73aa2 sp=0x0000006a844fd608 mode 2
Event: 448.693 Thread 0x0000025d79ba3ef0 Uncommon trap: trap_request=0xffffffbe fr.pc=0x0000025d6443edf8 relative=0x0000000000001eb8
Event: 448.693 Thread 0x0000025d79ba3ef0 Uncommon trap: reason=profile_predicate action=maybe_recompile pc=0x0000025d6443edf8 method=org.eclipse.jdt.internal.compiler.lookup.BinaryTypeBinding.getExactConstructor([Lorg/eclipse/jdt/internal/compiler/lookup/TypeBinding;)Lorg/eclipse/jdt/internal/co
Event: 448.693 Thread 0x0000025d79ba3ef0 DEOPT PACKING pc=0x0000025d6443edf8 sp=0x0000006a844fd7e0
Event: 448.693 Thread 0x0000025d79ba3ef0 DEOPT UNPACKING pc=0x0000025d62f73aa2 sp=0x0000006a844fd798 mode 2
Event: 448.722 Thread 0x0000025d79ba3ef0 DEOPT PACKING pc=0x0000025d5dee1377 sp=0x0000006a844fd600
Event: 448.722 Thread 0x0000025d79ba3ef0 DEOPT UNPACKING pc=0x0000025d62f74242 sp=0x0000006a844fcae8 mode 0
Event: 448.723 Thread 0x0000025d79ba3ef0 Uncommon trap: trap_request=0xffffffd6 fr.pc=0x0000025d64453bd0 relative=0x00000000000013f0
Event: 448.723 Thread 0x0000025d79ba3ef0 Uncommon trap: reason=array_check action=maybe_recompile pc=0x0000025d64453bd0 method=java.util.TimSort.mergeHi(IIII)V @ 419 c2
Event: 448.723 Thread 0x0000025d79ba3ef0 DEOPT PACKING pc=0x0000025d64453bd0 sp=0x0000006a844fd690
Event: 448.723 Thread 0x0000025d79ba3ef0 DEOPT UNPACKING pc=0x0000025d62f73aa2 sp=0x0000006a844fd678 mode 2

Classes loaded (20 events):
Event: 111.551 Loading class java/util/regex/Pattern$Behind
Event: 111.552 Loading class java/util/regex/Pattern$Behind done
Event: 111.552 Loading class java/util/regex/Pattern$Neg
Event: 111.552 Loading class java/util/regex/Pattern$Neg done
Event: 112.121 Loading class java/nio/file/attribute/PosixFileAttributes
Event: 112.121 Loading class java/nio/file/attribute/PosixFileAttributes done
Event: 370.481 Loading class java/util/stream/Nodes$CollectorTask$OfRef
Event: 370.481 Loading class java/util/stream/Nodes$CollectorTask
Event: 370.483 Loading class java/util/stream/Nodes$CollectorTask done
Event: 370.483 Loading class java/util/stream/Nodes$CollectorTask$OfRef done
Event: 370.603 Loading class java/util/function/LongFunction
Event: 370.603 Loading class java/util/function/LongFunction done
Event: 370.604 Loading class java/util/stream/Nodes$ConcNode
Event: 370.605 Loading class java/util/stream/Nodes$AbstractConcNode
Event: 370.606 Loading class java/util/stream/Nodes$AbstractConcNode done
Event: 370.606 Loading class java/util/stream/Nodes$ConcNode done
Event: 370.644 Loading class java/util/stream/Nodes$ToArrayTask$OfRef
Event: 370.645 Loading class java/util/stream/Nodes$ToArrayTask
Event: 370.645 Loading class java/util/stream/Nodes$ToArrayTask done
Event: 370.645 Loading class java/util/stream/Nodes$ToArrayTask$OfRef done

Classes unloaded (7 events):
Event: 55.128 Thread 0x0000025d586aa600 Unloading class 0x0000025d011a4000 'java/lang/invoke/LambdaForm$MH+0x0000025d011a4000'
Event: 55.128 Thread 0x0000025d586aa600 Unloading class 0x0000025d011a3c00 'java/lang/invoke/LambdaForm$MH+0x0000025d011a3c00'
Event: 55.128 Thread 0x0000025d586aa600 Unloading class 0x0000025d011a3800 'java/lang/invoke/LambdaForm$MH+0x0000025d011a3800'
Event: 55.128 Thread 0x0000025d586aa600 Unloading class 0x0000025d011a3400 'java/lang/invoke/LambdaForm$MH+0x0000025d011a3400'
Event: 55.128 Thread 0x0000025d586aa600 Unloading class 0x0000025d011a3000 'java/lang/invoke/LambdaForm$BMH+0x0000025d011a3000'
Event: 55.128 Thread 0x0000025d586aa600 Unloading class 0x0000025d011a2c00 'java/lang/invoke/LambdaForm$DMH+0x0000025d011a2c00'
Event: 55.128 Thread 0x0000025d586aa600 Unloading class 0x0000025d011a1800 'java/lang/invoke/LambdaForm$DMH+0x0000025d011a1800'

Classes redefined (0 events):
No events

Internal exceptions (20 events):
Event: 112.080 Thread 0x0000025d7589fc50 Exception <a 'sun/nio/fs/WindowsException'{0x00000000d56d4eb0}> (0x00000000d56d4eb0) 
thrown [s\src\hotspot\share\prims\jni.cpp, line 520]
Event: 112.123 Thread 0x0000025d7589fc50 Exception <a 'sun/nio/fs/WindowsException'{0x00000000d560d780}> (0x00000000d560d780) 
thrown [s\src\hotspot\share\prims\jni.cpp, line 520]
Event: 112.135 Thread 0x0000025d7589fc50 Exception <a 'sun/nio/fs/WindowsException'{0x00000000d56af020}> (0x00000000d56af020) 
thrown [s\src\hotspot\share\prims\jni.cpp, line 520]
Event: 112.195 Thread 0x0000025d7589fc50 Exception <a 'sun/nio/fs/WindowsException'{0x00000000d5663108}> (0x00000000d5663108) 
thrown [s\src\hotspot\share\prims\jni.cpp, line 520]
Event: 112.231 Thread 0x0000025d76481f20 Exception <a 'java/lang/NoSuchMethodError'{0x00000000d56ea6e0}: 'int java.lang.invoke.DirectMethodHandle$Holder.invokeVirtual(java.lang.Object, java.lang.Object, java.lang.Object, int)'> (0x00000000d56ea6e0) 
thrown [s\src\hotspot\share\interpreter\linkResolver.cpp, line 773]
Event: 112.263 Thread 0x0000025d7589fc50 Exception <a 'sun/nio/fs/WindowsException'{0x00000000d5605ee8}> (0x00000000d5605ee8) 
thrown [s\src\hotspot\share\prims\jni.cpp, line 520]
Event: 112.424 Thread 0x0000025d7589fc50 Exception <a 'sun/nio/fs/WindowsException'{0x00000000d55eab40}> (0x00000000d55eab40) 
thrown [s\src\hotspot\share\prims\jni.cpp, line 520]
Event: 112.948 Thread 0x0000025d76481f20 Implicit null exception at 0x0000025d64226f22 to 0x0000025d64227608
Event: 113.375 Thread 0x0000025d748dcae0 Exception <a 'sun/nio/fs/WindowsException'{0x00000000d55fd1a0}> (0x00000000d55fd1a0) 
thrown [s\src\hotspot\share\prims\jni.cpp, line 520]
Event: 113.376 Thread 0x0000025d748dcae0 Exception <a 'sun/nio/fs/WindowsException'{0x00000000d562f128}> (0x00000000d562f128) 
thrown [s\src\hotspot\share\prims\jni.cpp, line 520]
Event: 113.376 Thread 0x0000025d748dcae0 Exception <a 'sun/nio/fs/WindowsException'{0x00000000d5630320}> (0x00000000d5630320) 
thrown [s\src\hotspot\share\prims\jni.cpp, line 520]
Event: 113.376 Thread 0x0000025d748dcae0 Exception <a 'sun/nio/fs/WindowsException'{0x00000000d563f308}> (0x00000000d563f308) 
thrown [s\src\hotspot\share\prims\jni.cpp, line 520]
Event: 113.377 Thread 0x0000025d748dcae0 Exception <a 'sun/nio/fs/WindowsException'{0x00000000d564edc8}> (0x00000000d564edc8) 
thrown [s\src\hotspot\share\prims\jni.cpp, line 520]
Event: 113.377 Thread 0x0000025d748dcae0 Exception <a 'sun/nio/fs/WindowsException'{0x00000000d5656e70}> (0x00000000d5656e70) 
thrown [s\src\hotspot\share\prims\jni.cpp, line 520]
Event: 113.383 Thread 0x0000025d748dcae0 Exception <a 'sun/nio/fs/WindowsException'{0x00000000d5585fd8}> (0x00000000d5585fd8) 
thrown [s\src\hotspot\share\prims\jni.cpp, line 520]
Event: 113.383 Thread 0x0000025d748dcae0 Exception <a 'sun/nio/fs/WindowsException'{0x00000000d5586930}> (0x00000000d5586930) 
thrown [s\src\hotspot\share\prims\jni.cpp, line 520]
Event: 370.637 Thread 0x0000025d748dcae0 Exception <a 'sun/nio/fs/WindowsException'{0x00000000d5591708}> (0x00000000d5591708) 
thrown [s\src\hotspot\share\prims\jni.cpp, line 520]
Event: 370.638 Thread 0x0000025d748dcae0 Exception <a 'sun/nio/fs/WindowsException'{0x00000000d55920d0}> (0x00000000d55920d0) 
thrown [s\src\hotspot\share\prims\jni.cpp, line 520]
Event: 370.639 Thread 0x0000025d748dcae0 Implicit null exception at 0x0000025d63fc0414 to 0x0000025d63fc0680
Event: 370.683 Thread 0x0000025d748dcae0 Exception <a 'java/lang/NoSuchMethodError'{0x00000000d55f3f70}: static [J.<clinit>()V> (0x00000000d55f3f70) 
thrown [s\src\hotspot\share\prims\jni.cpp, line 1111]

ZGC Phase Switch (0 events):
No events

VM Operations (20 events):
Event: 448.582 Executing safepoint VM operation: ParallelGCFailedAllocation (Allocation Failure)
Event: 448.588 Executing safepoint VM operation: ParallelGCFailedAllocation (Allocation Failure) done
Event: 448.595 Executing safepoint VM operation: ParallelGCFailedAllocation (Allocation Failure)
Event: 448.597 Executing safepoint VM operation: ParallelGCFailedAllocation (Allocation Failure) done
Event: 448.607 Executing safepoint VM operation: ParallelGCFailedAllocation (Allocation Failure)
Event: 448.610 Executing safepoint VM operation: ParallelGCFailedAllocation (Allocation Failure) done
Event: 448.625 Executing safepoint VM operation: ParallelGCFailedAllocation (Allocation Failure)
Event: 448.628 Executing safepoint VM operation: ParallelGCFailedAllocation (Allocation Failure) done
Event: 448.708 Executing safepoint VM operation: ParallelGCFailedAllocation (Allocation Failure)
Event: 448.711 Executing safepoint VM operation: ParallelGCFailedAllocation (Allocation Failure) done
Event: 448.804 Executing safepoint VM operation: ParallelGCFailedAllocation (Allocation Failure)
Event: 448.807 Executing safepoint VM operation: ParallelGCFailedAllocation (Allocation Failure) done
Event: 448.827 Executing safepoint VM operation: ParallelGCFailedAllocation (Allocation Failure)
Event: 448.829 Executing safepoint VM operation: ParallelGCFailedAllocation (Allocation Failure) done
Event: 448.931 Executing safepoint VM operation: ParallelGCFailedAllocation (Allocation Failure)
Event: 448.936 Executing safepoint VM operation: ParallelGCFailedAllocation (Allocation Failure) done
Event: 449.948 Executing safepoint VM operation: Cleanup
Event: 449.948 Executing safepoint VM operation: Cleanup done
Event: 479.156 Executing safepoint VM operation: Cleanup
Event: 479.156 Executing safepoint VM operation: Cleanup done

Memory protections (0 events):
No events

Nmethod flushes (20 events):
Event: 104.309 Thread 0x0000025d586aa600 flushing  nmethod 0x0000025d5c80a210
Event: 104.309 Thread 0x0000025d586aa600 flushing  nmethod 0x0000025d5c80ee90
Event: 104.309 Thread 0x0000025d586aa600 flushing  nmethod 0x0000025d5c810610
Event: 104.309 Thread 0x0000025d586aa600 flushing  nmethod 0x0000025d5c810910
Event: 104.309 Thread 0x0000025d586aa600 flushing  nmethod 0x0000025d5c810d10
Event: 104.309 Thread 0x0000025d586aa600 flushing  nmethod 0x0000025d5c811810
Event: 104.309 Thread 0x0000025d586aa600 flushing  nmethod 0x0000025d5c812190
Event: 104.309 Thread 0x0000025d586aa600 flushing  nmethod 0x0000025d5c813210
Event: 104.309 Thread 0x0000025d586aa600 flushing  nmethod 0x0000025d5c813d10
Event: 104.309 Thread 0x0000025d586aa600 flushing  nmethod 0x0000025d5c815210
Event: 104.309 Thread 0x0000025d586aa600 flushing  nmethod 0x0000025d5c816b90
Event: 104.309 Thread 0x0000025d586aa600 flushing  nmethod 0x0000025d5c819510
Event: 104.309 Thread 0x0000025d586aa600 flushing  nmethod 0x0000025d5c829390
Event: 104.309 Thread 0x0000025d586aa600 flushing  nmethod 0x0000025d5c835c10
Event: 104.309 Thread 0x0000025d586aa600 flushing osr nmethod 0x0000025d5c849890
Event: 104.309 Thread 0x0000025d586aa600 flushing  nmethod 0x0000025d5c887510
Event: 104.309 Thread 0x0000025d586aa600 flushing  nmethod 0x0000025d5c887890
Event: 104.309 Thread 0x0000025d586aa600 flushing  nmethod 0x0000025d5c887c10
Event: 104.309 Thread 0x0000025d586aa600 flushing  nmethod 0x0000025d5c88c290
Event: 104.309 Thread 0x0000025d586aa600 flushing  nmethod 0x0000025d5c8b5b90

Events (20 events):
Event: 370.472 Thread 0x0000025d748dcae0 Thread added: 0x0000025d79ba7a00
Event: 370.607 Thread 0x0000025d79ba7a00 Thread exited: 0x0000025d79ba7a00
Event: 370.642 Thread 0x0000025d748dcae0 Thread added: 0x0000025d79ba3ef0
Event: 370.644 Thread 0x0000025d79ba3ef0 Thread added: 0x0000025d79ba52a0
Event: 370.645 Thread 0x0000025d79ba3ef0 Thread exited: 0x0000025d79ba3ef0
Event: 370.645 Thread 0x0000025d79ba52a0 Thread exited: 0x0000025d79ba52a0
Event: 370.840 Thread 0x0000025d748dc450 Thread exited: 0x0000025d748dc450
Event: 371.277 Thread 0x0000025d7647e410 Thread exited: 0x0000025d7647e410
Event: 392.787 Thread 0x0000025d7589ef30 Thread exited: 0x0000025d7589ef30
Event: 392.811 Thread 0x0000025d7589e8a0 Thread exited: 0x0000025d7589e8a0
Event: 411.372 Thread 0x0000025d758a4480 Thread exited: 0x0000025d758a4480
Event: 411.372 Thread 0x0000025d758a4b10 Thread exited: 0x0000025d758a4b10
Event: 422.740 Thread 0x0000025d7647b620 Thread added: 0x0000025d79ba3ef0
Event: 437.485 Thread 0x0000025d587403e0 Thread added: 0x0000025d764e85e0
Event: 439.069 Thread 0x0000025d764e85e0 Thread exited: 0x0000025d764e85e0
Event: 439.113 Thread 0x0000025d587403e0 Thread added: 0x0000025d764e85e0
Event: 447.382 Thread 0x0000025d764e85e0 Thread exited: 0x0000025d764e85e0
Event: 448.036 Thread 0x0000025d587403e0 Thread added: 0x0000025d764e85e0
Event: 453.968 Thread 0x0000025d764e85e0 Thread exited: 0x0000025d764e85e0
Event: 508.961 Thread 0x0000025d79ba3ef0 Thread exited: 0x0000025d79ba3ef0


Dynamic libraries:
0x00007ff764c80000 - 0x00007ff764c8e000 	c:\Users\SONY\.antigravity\extensions\redhat.java-1.54.0-win32-x64\jre\21.0.10-win32-x86_64\bin\java.exe
0x00007ffc04530000 - 0x00007ffc04728000 	C:\Windows\SYSTEM32\ntdll.dll
0x00007ffc03120000 - 0x00007ffc031dd000 	C:\Windows\System32\KERNEL32.DLL
0x00007ffc01f40000 - 0x00007ffc02236000 	C:\Windows\System32\KERNELBASE.dll
0x00007ffc01c10000 - 0x00007ffc01d10000 	C:\Windows\System32\ucrtbase.dll
0x00007ffbedc50000 - 0x00007ffbedc68000 	c:\Users\SONY\.antigravity\extensions\redhat.java-1.54.0-win32-x64\jre\21.0.10-win32-x86_64\bin\jli.dll
0x00007ffc02e40000 - 0x00007ffc02fde000 	C:\Windows\System32\USER32.dll
0x00007ffc01e70000 - 0x00007ffc01e92000 	C:\Windows\System32\win32u.dll
0x00007ffc02590000 - 0x00007ffc025bc000 	C:\Windows\System32\GDI32.dll
0x00007ffc02300000 - 0x00007ffc0241a000 	C:\Windows\System32\gdi32full.dll
0x00007ffc01ea0000 - 0x00007ffc01f3d000 	C:\Windows\System32\msvcp_win.dll
0x00007ffbedc30000 - 0x00007ffbedc4e000 	c:\Users\SONY\.antigravity\extensions\redhat.java-1.54.0-win32-x64\jre\21.0.10-win32-x86_64\bin\VCRUNTIME140.dll
0x00007ffbeef00000 - 0x00007ffbef19a000 	C:\Windows\WinSxS\amd64_microsoft.windows.common-controls_6595b64144ccf1df_6.0.19041.3636_none_60b6a03d71f818d5\COMCTL32.dll
0x00007ffc03240000 - 0x00007ffc032de000 	C:\Windows\System32\msvcrt.dll
0x00007ffc04340000 - 0x00007ffc04370000 	C:\Windows\System32\IMM32.DLL
0x00007ffbf2b70000 - 0x00007ffbf2b7c000 	c:\Users\SONY\.antigravity\extensions\redhat.java-1.54.0-win32-x64\jre\21.0.10-win32-x86_64\bin\vcruntime140_1.dll
0x00007ffbd2970000 - 0x00007ffbd29fd000 	c:\Users\SONY\.antigravity\extensions\redhat.java-1.54.0-win32-x64\jre\21.0.10-win32-x86_64\bin\msvcp140.dll
0x00007ffb993f0000 - 0x00007ffb9a191000 	c:\Users\SONY\.antigravity\extensions\redhat.java-1.54.0-win32-x64\jre\21.0.10-win32-x86_64\bin\server\jvm.dll
0x00007ffc04040000 - 0x00007ffc040ef000 	C:\Windows\System32\ADVAPI32.dll
0x00007ffc04370000 - 0x00007ffc0440c000 	C:\Windows\System32\sechost.dll
0x00007ffc04210000 - 0x00007ffc04336000 	C:\Windows\System32\RPCRT4.dll
0x00007ffc03ad0000 - 0x00007ffc03b3b000 	C:\Windows\System32\WS2_32.dll
0x00007ffc01180000 - 0x00007ffc011cb000 	C:\Windows\SYSTEM32\POWRPROF.dll
0x00007ffbeb3c0000 - 0x00007ffbeb3e7000 	C:\Windows\SYSTEM32\WINMM.dll
0x00007ffbfa6a0000 - 0x00007ffbfa6aa000 	C:\Windows\SYSTEM32\VERSION.dll
0x00007ffc00ff0000 - 0x00007ffc01002000 	C:\Windows\SYSTEM32\UMPDC.dll
0x00007ffc00410000 - 0x00007ffc00422000 	C:\Windows\SYSTEM32\kernel.appcore.dll
0x00007ffbf1670000 - 0x00007ffbf167a000 	c:\Users\SONY\.antigravity\extensions\redhat.java-1.54.0-win32-x64\jre\21.0.10-win32-x86_64\bin\jimage.dll
0x00007ffbff190000 - 0x00007ffbff374000 	C:\Windows\SYSTEM32\DBGHELP.DLL
0x00007ffbdb140000 - 0x00007ffbdb174000 	C:\Windows\SYSTEM32\dbgcore.DLL
0x00007ffc02420000 - 0x00007ffc024a2000 	C:\Windows\System32\bcryptPrimitives.dll
0x00007ffbf0980000 - 0x00007ffbf098f000 	c:\Users\SONY\.antigravity\extensions\redhat.java-1.54.0-win32-x64\jre\21.0.10-win32-x86_64\bin\instrument.dll
0x00007ffbedc10000 - 0x00007ffbedc30000 	c:\Users\SONY\.antigravity\extensions\redhat.java-1.54.0-win32-x64\jre\21.0.10-win32-x86_64\bin\java.dll
0x00007ffc032f0000 - 0x00007ffc03a35000 	C:\Windows\System32\SHELL32.dll
0x00007ffbffc70000 - 0x00007ffc0040b000 	C:\Windows\SYSTEM32\windows.storage.dll
0x00007ffc03c60000 - 0x00007ffc03fb4000 	C:\Windows\System32\combase.dll
0x00007ffc01570000 - 0x00007ffc0159d000 	C:\Windows\SYSTEM32\Wldp.dll
0x00007ffc025e0000 - 0x00007ffc0268d000 	C:\Windows\System32\SHCORE.dll
0x00007ffc041b0000 - 0x00007ffc04205000 	C:\Windows\System32\shlwapi.dll
0x00007ffc01b40000 - 0x00007ffc01b65000 	C:\Windows\SYSTEM32\profapi.dll
0x00007ffbebca0000 - 0x00007ffbebcb8000 	c:\Users\SONY\.antigravity\extensions\redhat.java-1.54.0-win32-x64\jre\21.0.10-win32-x86_64\bin\zip.dll
0x00007ffbef310000 - 0x00007ffbef320000 	C:\Users\SONY\.antigravity\extensions\redhat.java-1.54.0-win32-x64\jre\21.0.10-win32-x86_64\bin\net.dll
0x00007ffbfc4d0000 - 0x00007ffbfc5da000 	C:\Windows\SYSTEM32\WINHTTP.dll
0x00007ffc01350000 - 0x00007ffc013ba000 	C:\Windows\system32\mswsock.dll
0x00007ffbd2f90000 - 0x00007ffbd2fa6000 	C:\Users\SONY\.antigravity\extensions\redhat.java-1.54.0-win32-x64\jre\21.0.10-win32-x86_64\bin\nio.dll
0x00007ffbeec30000 - 0x00007ffbeec40000 	c:\Users\SONY\.antigravity\extensions\redhat.java-1.54.0-win32-x64\jre\21.0.10-win32-x86_64\bin\verify.dll
0x00007ffbd2540000 - 0x00007ffbd2585000 	C:\Users\SONY\AppData\Roaming\Antigravity\User\globalStorage\redhat.java\1.54.0\config_win\org.eclipse.equinox.launcher\org.eclipse.equinox.launcher.win32.win32.x86_64_1.3.0.v20260203-2149\eclipse_11919.dll
0x00007ffc02ff0000 - 0x00007ffc0311b000 	C:\Windows\System32\ole32.dll
0x00007ffc015b0000 - 0x00007ffc015c8000 	C:\Windows\SYSTEM32\CRYPTSP.dll
0x00007ffc00c30000 - 0x00007ffc00c64000 	C:\Windows\system32\rsaenh.dll
0x00007ffc02560000 - 0x00007ffc02587000 	C:\Windows\System32\bcrypt.dll
0x00007ffc01ac0000 - 0x00007ffc01aee000 	C:\Windows\SYSTEM32\USERENV.dll
0x00007ffc014e0000 - 0x00007ffc014ec000 	C:\Windows\SYSTEM32\CRYPTBASE.dll
0x00007ffc01010000 - 0x00007ffc0104b000 	C:\Windows\SYSTEM32\IPHLPAPI.DLL
0x00007ffc041a0000 - 0x00007ffc041a8000 	C:\Windows\System32\NSI.dll
0x00007ffbd28d0000 - 0x00007ffbd2919000 	C:\Users\SONY\AppData\Local\Temp\jna-2551079\jna17527098687233906326.dll
0x00007ffc02fe0000 - 0x00007ffc02fe8000 	C:\Windows\System32\PSAPI.DLL
0x00007ffbfa5c0000 - 0x00007ffbfa5d7000 	C:\Windows\SYSTEM32\dhcpcsvc6.DLL
0x00007ffbf8700000 - 0x00007ffbf871d000 	C:\Windows\SYSTEM32\dhcpcsvc.DLL
0x00007ffbf1680000 - 0x00007ffbf168e000 	C:\Users\SONY\.antigravity\extensions\redhat.java-1.54.0-win32-x64\jre\21.0.10-win32-x86_64\bin\sunmscapi.dll
0x00007ffc01d10000 - 0x00007ffc01e6d000 	C:\Windows\System32\CRYPT32.dll
0x00007ffc016c0000 - 0x00007ffc016e7000 	C:\Windows\SYSTEM32\ncrypt.dll
0x00007ffc01680000 - 0x00007ffc016bb000 	C:\Windows\SYSTEM32\NTASN1.dll
0x00007ffc01050000 - 0x00007ffc0111a000 	C:\Windows\SYSTEM32\DNSAPI.dll
0x00007ffbef650000 - 0x00007ffbef65a000 	C:\Windows\System32\rasadhlp.dll
0x00007ffbefd50000 - 0x00007ffbefdd0000 	C:\Windows\System32\fwpuclnt.dll
0x00007ffbef2f0000 - 0x00007ffbef2f9000 	C:\Users\SONY\.antigravity\extensions\redhat.java-1.54.0-win32-x64\jre\21.0.10-win32-x86_64\bin\extnet.dll
0x00007ffc00d50000 - 0x00007ffc00d83000 	C:\Windows\SYSTEM32\ntmarta.dll

JVMTI agents:
c:\Users\SONY\.antigravity\extensions\redhat.java-1.54.0-win32-x64\lombok\lombok-1.18.39-4050.jar path:c:\Users\SONY\.antigravity\extensions\redhat.java-1.54.0-win32-x64\jre\21.0.10-win32-x86_64\bin\instrument.dll, loaded, initialized, instrumentlib options:none

dbghelp: loaded successfully - version: 4.0.5 - missing functions: none
symbol engine: initialized successfully - sym options: 0x614 - pdb path: .;c:\Users\SONY\.antigravity\extensions\redhat.java-1.54.0-win32-x64\jre\21.0.10-win32-x86_64\bin;C:\Windows\SYSTEM32;C:\Windows\WinSxS\amd64_microsoft.windows.common-controls_6595b64144ccf1df_6.0.19041.3636_none_60b6a03d71f818d5;c:\Users\SONY\.antigravity\extensions\redhat.java-1.54.0-win32-x64\jre\21.0.10-win32-x86_64\bin\server;C:\Users\SONY\AppData\Roaming\Antigravity\User\globalStorage\redhat.java\1.54.0\config_win\org.eclipse.equinox.launcher\org.eclipse.equinox.launcher.win32.win32.x86_64_1.3.0.v20260203-2149;C:\Users\SONY\AppData\Local\Temp\jna-2551079

VM Arguments:
jvm_args: --add-modules=ALL-SYSTEM --add-opens=java.base/java.util=ALL-UNNAMED --add-opens=java.base/java.lang=ALL-UNNAMED --add-opens=java.base/sun.nio.fs=ALL-UNNAMED -Declipse.application=org.eclipse.jdt.ls.core.id1 -Dosgi.bundles.defaultStartLevel=4 -Declipse.product=org.eclipse.jdt.ls.core.product -Djava.import.generatesMetadataFilesAtProjectRoot=false -DDetectVMInstallationsJob.disabled=true -Dfile.encoding=utf8 -XX:+UseParallelGC -XX:GCTimeRatio=4 -XX:AdaptiveSizePolicyWeight=90 -Dsun.zip.disableMemoryMapping=true -Xmx2G -Xms100m -Xlog:disable -javaagent:c:\Users\SONY\.antigravity\extensions\redhat.java-1.54.0-win32-x64\lombok\lombok-1.18.39-4050.jar -XX:+HeapDumpOnOutOfMemoryError -XX:HeapDumpPath=c:\Users\SONY\AppData\Roaming\Antigravity\User\workspaceStorage\504018e4ad72da179048ecd447ee5100\redhat.java -Daether.dependencyCollector.impl=bf 
java_command: c:\Users\SONY\.antigravity\extensions\redhat.java-1.54.0-win32-x64\server\plugins\org.eclipse.equinox.launcher_1.7.100.v20251111-0406.jar -configuration c:\Users\SONY\AppData\Roaming\Antigravity\User\globalStorage\redhat.java\1.54.0\config_win -data c:\Users\SONY\AppData\Roaming\Antigravity\User\workspaceStorage\504018e4ad72da179048ecd447ee5100\redhat.java\jdt_ws --pipe=\\.\pipe\lsp-77e299b30bd73da7d69d16a2eac423b7-sock
java_class_path (initial): c:\Users\SONY\.antigravity\extensions\redhat.java-1.54.0-win32-x64\server\plugins\org.eclipse.equinox.launcher_1.7.100.v20251111-0406.jar
Launcher Type: SUN_STANDARD

[Global flags]
    uintx AdaptiveSizePolicyWeight                 = 90                                        {product} {command line}
     intx CICompilerCount                          = 3                                         {product} {ergonomic}
    uintx GCTimeRatio                              = 4                                         {product} {command line}
     bool HeapDumpOnOutOfMemoryError               = true                                   {manageable} {command line}
    ccstr HeapDumpPath                             = c:\Users\SONY\AppData\Roaming\Antigravity\User\workspaceStorage\504018e4ad72da179048ecd447ee5100\redhat.java         {manageable} {command line}
   size_t InitialHeapSize                          = 104857600                                 {product} {command line}
   size_t MaxHeapSize                              = 2147483648                                {product} {command line}
   size_t MaxNewSize                               = 715653120                                 {product} {ergonomic}
   size_t MinHeapDeltaBytes                        = 524288                                    {product} {ergonomic}
   size_t MinHeapSize                              = 104857600                                 {product} {command line}
   size_t NewSize                                  = 34603008                                  {product} {ergonomic}
    uintx NonNMethodCodeHeapSize                   = 5832780                                {pd product} {ergonomic}
    uintx NonProfiledCodeHeapSize                  = 122912730                              {pd product} {ergonomic}
   size_t OldSize                                  = 70254592                                  {product} {ergonomic}
    uintx ProfiledCodeHeapSize                     = 122912730                              {pd product} {ergonomic}
    uintx ReservedCodeCacheSize                    = 251658240                              {pd product} {ergonomic}
     bool SegmentedCodeCache                       = true                                      {product} {ergonomic}
   size_t SoftMaxHeapSize                          = 2147483648                             {manageable} {ergonomic}
     bool UseCompressedOops                        = true                           {product lp64_product} {ergonomic}
     bool UseLargePagesIndividualAllocation        = false                                  {pd product} {ergonomic}
     bool UseParallelGC                            = true                                      {product} {command line}

Logging:
Log output configuration:
 #0: stdout all=off uptime,level,tags foldmultilines=false
 #1: stderr all=off uptime,level,tags foldmultilines=false

Release file:
JAVA_VERSION="21.0.10" 
MODULES="java.base java.compiler java.datatransfer java.xml java.prefs java.desktop java.instrument java.logging java.management java.security.sasl java.naming java.rmi java.management.rmi java.net.http java.scripting java.security.jgss java.transaction.xa java.sql java.sql.rowset java.xml.crypto java.se java.smartcardio jdk.accessibility jdk.internal.jvmstat jdk.attach jdk.charsets jdk.internal.opt jdk.zipfs jdk.compiler jdk.crypto.ec jdk.crypto.cryptoki jdk.crypto.mscapi jdk.dynalink jdk.internal.ed jdk.editpad jdk.hotspot.agent jdk.httpserver jdk.internal.le jdk.internal.vm.ci jdk.internal.vm.compiler jdk.internal.vm.compiler.management jdk.jartool jdk.javadoc jdk.jcmd jdk.management jdk.management.agent jdk.jconsole jdk.jdeps jdk.jdwp.agent jdk.jdi jdk.jfr jdk.jshell jdk.jsobject jdk.jstatd jdk.localedata jdk.management.jfr jdk.naming.dns jdk.naming.rmi jdk.net jdk.nio.mapmode jdk.random jdk.sctp jdk.security.auth jdk.security.jgss jdk.unsupported jdk.unsupported.desktop jdk.xml.dom" 

Environment Variables:
JAVA_HOME=C:\Program Files\Java\jdk-22
PATH=C:\Program Files\Java\jdk-22\bin;C:\Program Files\Eclipse Adoptium\jdk-25.0.2.10-hotspot\bin;E:\DB\WINDOWS.X64_213000_db_home\bin;C:\Program Files\Common Files\Oracle\Java\javapath;C:\Windows\system32;C:\Windows;C:\Windows\System32\Wbem;C:\Windows\System32\WindowsPowerShell\v1.0\;C:\Windows\System32\OpenSSH\;E:\JavaScript\;C:\Program Files\Java\jdk-22\bin;C:\Program Files\Git\cmd;C:\Program Files (x86)\Microsoft SQL Server\160\Tools\Binn\;C:\Program Files\Microsoft SQL Server\160\Tools\Binn\;C:\Program Files\Microsoft SQL Server\Client SDK\ODBC\170\Tools\Binn\;C:\Program Files\Microsoft SQL Server\160\DTS\Binn\;C:\Program Files\Docker\Docker\resources\bin;C:\hadoop\bin;C:\Apache\Maven\bin;C:\Users\SONY\AppData\Local\Microsoft\WindowsApps;C:\Users\SONY\AppData\Roaming\npm;E:\Microsoft VS Code\bin;winlibs-x86_64-posix-seh-gcc-12.1.0-mingw-w64msvcrt-10.0.0-r3.zip\mingw64\bin - ZIP archive, unpacked size 756,100,019 bytes;C:\msys64\ucrt64\bin;C:\Users\SONY\AppData\Local\Programs\MiKTeX\miktex\bin\x64\;C:\Users\SONY\AppData\Local\Programs\Antigravity\bin;E:\flutter\bin;
USERNAME=SONY
OS=Windows_NT
PROCESSOR_IDENTIFIER=Intel64 Family 6 Model 142 Stepping 9, GenuineIntel
TMP=C:\Users\SONY\AppData\Local\Temp
TEMP=C:\Users\SONY\AppData\Local\Temp




Periodic native trim disabled

---------------  S Y S T E M  ---------------

OS:
 Windows 10 , 64 bit Build 19041 (10.0.19041.3636)
OS uptime: 13 days 15:49 hours
Hyper-V role detected

CPU: total 4 (initial active 4) (2 cores per cpu, 2 threads per core) family 6 model 142 stepping 9 microcode 0xb4, cx8, cmov, fxsr, ht, mmx, 3dnowpref, sse, sse2, sse3, ssse3, sse4.1, sse4.2, popcnt, lzcnt, tsc, tscinvbit, avx, avx2, aes, erms, clmul, bmi1, bmi2, adx, fma, vzeroupper, clflush, clflushopt, hv, rdtscp, f16c
Processor Information for the first 4 processors :
  Max Mhz: 2712, Current Mhz: 2511, Mhz Limit: 2495

Memory: 4k page, system-wide physical 8088M (289M free)
TotalPageFile size 22279M (AvailPageFile size 0M)
current process WorkingSet (physical memory assigned to process): 110M, peak: 488M
current process commit charge ("private bytes"): 547M, peak: 548M

vm_info: OpenJDK 64-Bit Server VM (21.0.10+7-LTS) for windows-amd64 JRE (21.0.10+7-LTS), built on 2026-01-20T00:00:00Z by "admin" with MS VC++ 17.12 (VS2022)

END.
